../App/hw/src/imu/icm42670.c:41:16:icm42670AccelRangeToReg	16	static
../App/hw/src/imu/icm42670.c:53:16:icm42670GyroRangeToReg	16	static
../App/hw/src/imu/icm42670.c:65:16:icm42670GyroOdrToReg	16	static
../App/hw/src/imu/icm42670.c:81:16:icm42670AccelOdrToReg	16	static
../App/hw/src/imu/icm42670.c:101:6:icm42670Init	16	static
../App/hw/src/imu/icm42670.c:137:6:icm42670InitRegs	16	static
../App/hw/src/imu/icm42670.c:193:6:icm42670GetInfo	32	static
../App/hw/src/imu/icm42670.c:220:6:regReadByte	24	static
../App/hw/src/imu/icm42670.c:228:6:regWriteByte	24	static
../App/hw/src/imu/icm42670.c:236:6:regRead	40	static
../App/hw/src/imu/icm42670.c:249:6:regWrite	40	static
../App/hw/src/imu/icm42670.c:262:13:icm42670MclkOn	24	static
../App/hw/src/imu/icm42670.c:298:13:icm42670MclkOff	16	static
../App/hw/src/imu/icm42670.c:315:13:regWriteMreg1	24	static
../App/hw/src/imu/icm42670.c:358:13:regReadMreg1	24	static
../App/hw/src/imu/icm42670.c:395:16:icm42670SignExtend12	16	static
../App/hw/src/imu/icm42670.c:405:13:icm42670ReadOffsetRegs	24	static
../App/hw/src/imu/icm42670.c:418:13:icm42670PrintOffsets	40	static
../App/hw/src/imu/icm42670.c:458:6:icm42670Calibrate	288	static
../App/hw/src/imu/icm42670.c:542:16:icm42670ClampOffset12	16	static
../App/hw/src/imu/icm42670.c:564:6:icm42670SetGyroOffset	64	static
../App/hw/src/imu/icm42670.c:640:6:icm42670SetAccelOffset	64	static
../App/hw/src/imu/icm42670.c:699:6:cliCmd	152	static
