Archive member included to satisfy reference by file (symbol)

D:/ST/STM32CubeIDE_1.17.0/STM32CubeIDE/plugins/com.st.stm32cube.ide.mcu.externaltools.gnu-tools-for-stm32.12.3.rel1.win32_1.1.0.202410251130/tools/bin/../lib/gcc/arm-none-eabi/12.3.1/../../../../arm-none-eabi/lib/thumb/v7e-m+fp/hard\libc_nano.a(libc_a-assert.o)
                              ./App/hw/src/pwm.o (__assert_func)
D:/ST/STM32CubeIDE_1.17.0/STM32CubeIDE/plugins/com.st.stm32cube.ide.mcu.externaltools.gnu-tools-for-stm32.12.3.rel1.win32_1.1.0.202410251130/tools/bin/../lib/gcc/arm-none-eabi/12.3.1/../../../../arm-none-eabi/lib/thumb/v7e-m+fp/hard\libc_nano.a(libc_a-exit.o)
                              D:/ST/STM32CubeIDE_1.17.0/STM32CubeIDE/plugins/com.st.stm32cube.ide.mcu.externaltools.gnu-tools-for-stm32.12.3.rel1.win32_1.1.0.202410251130/tools/bin/../lib/gcc/arm-none-eabi/12.3.1/../../../../arm-none-eabi/lib/thumb/v7e-m+fp/hard/crt0.o (exit)
D:/ST/STM32CubeIDE_1.17.0/STM32CubeIDE/plugins/com.st.stm32cube.ide.mcu.externaltools.gnu-tools-for-stm32.12.3.rel1.win32_1.1.0.202410251130/tools/bin/../lib/gcc/arm-none-eabi/12.3.1/../../../../arm-none-eabi/lib/thumb/v7e-m+fp/hard\libc_nano.a(libc_a-strtod.o)
                              ./App/common/src/cli.o (strtof)
D:/ST/STM32CubeIDE_1.17.0/STM32CubeIDE/plugins/com.st.stm32cube.ide.mcu.externaltools.gnu-tools-for-stm32.12.3.rel1.win32_1.1.0.202410251130/tools/bin/../lib/gcc/arm-none-eabi/12.3.1/../../../../arm-none-eabi/lib/thumb/v7e-m+fp/hard\libc_nano.a(libc_a-strtoul.o)
                              ./App/common/src/cli.o (strtoul)
D:/ST/STM32CubeIDE_1.17.0/STM32CubeIDE/plugins/com.st.stm32cube.ide.mcu.externaltools.gnu-tools-for-stm32.12.3.rel1.win32_1.1.0.202410251130/tools/bin/../lib/gcc/arm-none-eabi/12.3.1/../../../../arm-none-eabi/lib/thumb/v7e-m+fp/hard\libc_nano.a(libc_a-ctype_.o)
                              D:/ST/STM32CubeIDE_1.17.0/STM32CubeIDE/plugins/com.st.stm32cube.ide.mcu.externaltools.gnu-tools-for-stm32.12.3.rel1.win32_1.1.0.202410251130/tools/bin/../lib/gcc/arm-none-eabi/12.3.1/../../../../arm-none-eabi/lib/thumb/v7e-m+fp/hard\libc_nano.a(libc_a-strtoul.o) (_ctype_)
D:/ST/STM32CubeIDE_1.17.0/STM32CubeIDE/plugins/com.st.stm32cube.ide.mcu.externaltools.gnu-tools-for-stm32.12.3.rel1.win32_1.1.0.202410251130/tools/bin/../lib/gcc/arm-none-eabi/12.3.1/../../../../arm-none-eabi/lib/thumb/v7e-m+fp/hard\libc_nano.a(libc_a-nano-vfprintf_float.o)
                              (_printf_float)
D:/ST/STM32CubeIDE_1.17.0/STM32CubeIDE/plugins/com.st.stm32cube.ide.mcu.externaltools.gnu-tools-for-stm32.12.3.rel1.win32_1.1.0.202410251130/tools/bin/../lib/gcc/arm-none-eabi/12.3.1/../../../../arm-none-eabi/lib/thumb/v7e-m+fp/hard\libc_nano.a(libc_a-nano-vfprintf_i.o)
                              D:/ST/STM32CubeIDE_1.17.0/STM32CubeIDE/plugins/com.st.stm32cube.ide.mcu.externaltools.gnu-tools-for-stm32.12.3.rel1.win32_1.1.0.202410251130/tools/bin/../lib/gcc/arm-none-eabi/12.3.1/../../../../arm-none-eabi/lib/thumb/v7e-m+fp/hard\libc_nano.a(libc_a-nano-vfprintf_float.o) (_printf_common)
D:/ST/STM32CubeIDE_1.17.0/STM32CubeIDE/plugins/com.st.stm32cube.ide.mcu.externaltools.gnu-tools-for-stm32.12.3.rel1.win32_1.1.0.202410251130/tools/bin/../lib/gcc/arm-none-eabi/12.3.1/../../../../arm-none-eabi/lib/thumb/v7e-m+fp/hard\libc_nano.a(libc_a-findfp.o)
                              D:/ST/STM32CubeIDE_1.17.0/STM32CubeIDE/plugins/com.st.stm32cube.ide.mcu.externaltools.gnu-tools-for-stm32.12.3.rel1.win32_1.1.0.202410251130/tools/bin/../lib/gcc/arm-none-eabi/12.3.1/../../../../arm-none-eabi/lib/thumb/v7e-m+fp/hard\libc_nano.a(libc_a-exit.o) (__stdio_exit_handler)
D:/ST/STM32CubeIDE_1.17.0/STM32CubeIDE/plugins/com.st.stm32cube.ide.mcu.externaltools.gnu-tools-for-stm32.12.3.rel1.win32_1.1.0.202410251130/tools/bin/../lib/gcc/arm-none-eabi/12.3.1/../../../../arm-none-eabi/lib/thumb/v7e-m+fp/hard\libc_nano.a(libc_a-fprintf.o)
                              D:/ST/STM32CubeIDE_1.17.0/STM32CubeIDE/plugins/com.st.stm32cube.ide.mcu.externaltools.gnu-tools-for-stm32.12.3.rel1.win32_1.1.0.202410251130/tools/bin/../lib/gcc/arm-none-eabi/12.3.1/../../../../arm-none-eabi/lib/thumb/v7e-m+fp/hard\libc_nano.a(libc_a-assert.o) (fiprintf)
D:/ST/STM32CubeIDE_1.17.0/STM32CubeIDE/plugins/com.st.stm32cube.ide.mcu.externaltools.gnu-tools-for-stm32.12.3.rel1.win32_1.1.0.202410251130/tools/bin/../lib/gcc/arm-none-eabi/12.3.1/../../../../arm-none-eabi/lib/thumb/v7e-m+fp/hard\libc_nano.a(libc_a-fwalk.o)
                              D:/ST/STM32CubeIDE_1.17.0/STM32CubeIDE/plugins/com.st.stm32cube.ide.mcu.externaltools.gnu-tools-for-stm32.12.3.rel1.win32_1.1.0.202410251130/tools/bin/../lib/gcc/arm-none-eabi/12.3.1/../../../../arm-none-eabi/lib/thumb/v7e-m+fp/hard\libc_nano.a(libc_a-findfp.o) (_fwalk_sglue)
[...]
Memory Configuration

Name             Origin             Length             Attributes
RAM              0x20000000         0x00008000         xrw
FLASH            0x08000000         0x00020000         xr
*default*        0x00000000         0xffffffff

Linker script and memory map

LOAD D:/ST/STM32CubeIDE_1.17.0/STM32CubeIDE/plugins/com.st.stm32cube.ide.mcu.externaltools.gnu-tools-for-stm32.12.3.rel1.win32_1.1.0.202410251130/tools/bin/../lib/gcc/arm-none-eabi/12.3.1/thumb/v7e-m+fp/hard/crti.o
LOAD D:/ST/STM32CubeIDE_1.17.0/STM32CubeIDE/plugins/com.st.stm32cube.ide.mcu.externaltools.gnu-tools-for-stm32.12.3.rel1.win32_1.1.0.202410251130/tools/bin/../lib/gcc/arm-none-eabi/12.3.1/thumb/v7e-m+fp/hard/crtbegin.o
LOAD D:/ST/STM32CubeIDE_1.17.0/STM32CubeIDE/plugins/com.st.stm32cube.ide.mcu.externaltools.gnu-tools-for-stm32.12.3.rel1.win32_1.1.0.202410251130/tools/bin/../lib/gcc/arm-none-eabi/12.3.1/../../../../arm-none-eabi/lib/thumb/v7e-m+fp/hard/crt0.o
LOAD ./App/ap/ap.o
LOAD ./App/ap/balance/balance.o
LOAD ./App/ap/communication/bluetooth.o
LOAD ./App/ap/function/function.o
LOAD ./App/ap/pid/pid.o
LOAD ./App/common/src/cli.o
LOAD ./App/common/src/cli_gui.o
LOAD ./App/common/src/qbuffer.o
LOAD ./App/common/src/util.o
LOAD ./App/hw/hw.o
LOAD ./App/hw/src/button.o
LOAD ./App/hw/src/can.o
LOAD ./App/hw/src/encoder.o
LOAD ./App/hw/src/gpio.o
LOAD ./App/hw/src/i2c.o
LOAD ./App/hw/src/imu.o
LOAD ./App/hw/src/led.o
LOAD ./App/hw/src/log.o
LOAD ./App/hw/src/motor.o
LOAD ./App/hw/src/ps2.o
LOAD ./App/hw/src/pwm.o
LOAD ./App/hw/src/servo.o
LOAD ./App/hw/src/swtimer.o
LOAD ./App/hw/src/uart.o
LOAD ./App/hw/src/imu/icm42670.o
LOAD ./App/hw/src/imu/madgwick.o
LOAD ./Core/Src/dma.o
LOAD ./Core/Src/gpio.o
LOAD ./Core/Src/i2c.o
LOAD ./Core/Src/main.o
LOAD ./Core/Src/spi.o
LOAD ./Core/Src/stm32g4xx_hal_msp.o
LOAD ./Core/Src/stm32g4xx_it.o
LOAD ./Core/Src/syscalls.o
LOAD ./Core/Src/sysmem.o
LOAD ./Core/Src/system_stm32g4xx.o
LOAD ./Core/Src/tim.o
LOAD ./Core/Src/usart.o
LOAD ./Core/Startup/startup_stm32g431cbtx.o
LOAD ./Drivers/STM32G4xx_HAL_Driver/Src/stm32g4xx_hal.o
LOAD ./Drivers/STM32G4xx_HAL_Driver/Src/stm32g4xx_hal_cortex.o
LOAD ./Drivers/STM32G4xx_HAL_Driver/Src/stm32g4xx_hal_dma.o
LOAD ./Drivers/STM32G4xx_HAL_Driver/Src/stm32g4xx_hal_dma_ex.o
LOAD ./Drivers/STM32G4xx_HAL_Driver/Src/stm32g4xx_hal_exti.o
LOAD ./Drivers/STM32G4xx_HAL_Driver/Src/stm32g4xx_hal_flash.o
LOAD ./Drivers/STM32G4xx_HAL_Driver/Src/stm32g4xx_hal_flash_ex.o
LOAD ./Drivers/STM32G4xx_HAL_Driver/Src/stm32g4xx_hal_flash_ramfunc.o
LOAD ./Drivers/STM32G4xx_HAL_Driver/Src/stm32g4xx_hal_gpio.o
LOAD ./Drivers/STM32G4xx_HAL_Driver/Src/stm32g4xx_hal_i2c.o
LOAD ./Drivers/STM32G4xx_HAL_Driver/Src/stm32g4xx_hal_i2c_ex.o
LOAD ./Drivers/STM32G4xx_HAL_Driver/Src/stm32g4xx_hal_pwr.o
LOAD ./Drivers/STM32G4xx_HAL_Driver/Src/stm32g4xx_hal_pwr_ex.o
LOAD ./Drivers/STM32G4xx_HAL_Driver/Src/stm32g4xx_hal_rcc.o
LOAD ./Drivers/STM32G4xx_HAL_Driver/Src/stm32g4xx_hal_rcc_ex.o
LOAD ./Drivers/STM32G4xx_HAL_Driver/Src/stm32g4xx_hal_spi.o
LOAD ./Drivers/STM32G4xx_HAL_Driver/Src/stm32g4xx_hal_spi_ex.o
LOAD ./Drivers/STM32G4xx_HAL_Driver/Src/stm32g4xx_hal_tim.o
LOAD ./Drivers/STM32G4xx_HAL_Driver/Src/stm32g4xx_hal_tim_ex.o
LOAD ./Drivers/STM32G4xx_HAL_Driver/Src/stm32g4xx_hal_uart.o
LOAD ./Drivers/STM32G4xx_HAL_Driver/Src/stm32g4xx_hal_uart_ex.o
START GROUP
LOAD D:/ST/STM32CubeIDE_1.17.0/STM32CubeIDE/plugins/com.st.stm32cube.ide.mcu.externaltools.gnu-tools-for-stm32.12.3.rel1.win32_1.1.0.202410251130/tools/bin/../lib/gcc/arm-none-eabi/12.3.1/../../../../arm-none-eabi/lib/thumb/v7e-m+fp/hard\libc_nano.a
LOAD D:/ST/STM32CubeIDE_1.17.0/STM32CubeIDE/plugins/com.st.stm32cube.ide.mcu.externaltools.gnu-tools-for-stm32.12.3.rel1.win32_1.1.0.202410251130/tools/bin/../lib/gcc/arm-none-eabi/12.3.1/../../../../arm-none-eabi/lib/thumb/v7e-m+fp/hard\libm.a
END GROUP
START GROUP
LOAD D:/ST/STM32CubeIDE_1.17.0/STM32CubeIDE/plugins/com.st.stm32cube.ide.mcu.externaltools.gnu-tools-for-stm32.12.3.rel1.win32_1.1.0.202410251130/tools/bin/../lib/gcc/arm-none-eabi/12.3.1/thumb/v7e-m+fp/hard\libgcc.a
LOAD D:/ST/STM32CubeIDE_1.17.0/STM32CubeIDE/plugins/com.st.stm32cube.ide.mcu.externaltools.gnu-tools-for-stm32.12.3.rel1.win32_1.1.0.202410251130/tools/bin/../lib/gcc/arm-none-eabi/12.3.1/../../../../arm-none-eabi/lib/thumb/v7e-m+fp/hard\libc_nano.a
END GROUP
START GROUP
LOAD D:/ST/STM32CubeIDE_1.17.0/STM32CubeIDE/plugins/com.st.stm32cube.ide.mcu.externaltools.gnu-tools-for-stm32.12.3.rel1.win32_1.1.0.202410251130/tools/bin/../lib/gcc/arm-none-eabi/12.3.1/thumb/v7e-m+fp/hard\libgcc.a
LOAD D:/ST/STM32CubeIDE_1.17.0/STM32CubeIDE/plugins/com.st.stm32cube.ide.mcu.externaltools.gnu-tools-for-stm32.12.3.rel1.win32_1.1.0.202410251130/tools/bin/../lib/gcc/arm-none-eabi/12.3.1/../../../../arm-none-eabi/lib/thumb/v7e-m+fp/hard\libc_nano.a
LOAD D:/ST/STM32CubeIDE_1.17.0/STM32CubeIDE/plugins/com.st.stm32cube.ide.mcu.externaltools.gnu-tools-for-stm32.12.3.rel1.win32_1.1.0.202410251130/tools/bin/../lib/gcc/arm-none-eabi/12.3.1/../../../../arm-none-eabi/lib/thumb/v7e-m+fp/hard\libnosys.a
END GROUP
START GROUP
LOAD D:/ST/STM32CubeIDE_1.17.0/STM32CubeIDE/plugins/com.st.stm32cube.ide.mcu.externaltools.gnu-tools-for-stm32.12.3.rel1.win32_1.1.0.202410251130/tools/bin/../lib/gcc/arm-none-eabi/12.3.1/thumb/v7e-m+fp/hard\libgcc.a
LOAD D:/ST/STM32CubeIDE_1.17.0/STM32CubeIDE/plugins/com.st.stm32cube.ide.mcu.externaltools.gnu-tools-for-stm32.12.3.rel1.win32_1.1.0.202410251130/tools/bin/../lib/gcc/arm-none-eabi/12.3.1/../../../../arm-none-eabi/lib/thumb/v7e-m+fp/hard\libc_nano.a
LOAD D:/ST/STM32CubeIDE_1.17.0/STM32CubeIDE/plugins/com.st.stm32cube.ide.mcu.externaltools.gnu-tools-for-stm32.12.3.rel1.win32_1.1.0.202410251130/tools/bin/../lib/gcc/arm-none-eabi/12.3.1/../../../../arm-none-eabi/lib/thumb/v7e-m+fp/hard\libnosys.a
END GROUP
LOAD D:/ST/STM32CubeIDE_1.17.0/STM32CubeIDE/plugins/com.st.stm32cube.ide.mcu.externaltools.gnu-tools-for-stm32.12.3.rel1.win32_1.1.0.202410251130/tools/bin/../lib/gcc/arm-none-eabi/12.3.1/thumb/v7e-m+fp/hard/crtend.o
LOAD D:/ST/STM32CubeIDE_1.17.0/STM32CubeIDE/plugins/com.st.stm32cube.ide.mcu.externaltools.gnu-tools-for-stm32.12.3.rel1.win32_1.1.0.202410251130/tools/bin/../lib/gcc/arm-none-eabi/12.3.1/thumb/v7e-m+fp/hard/crtn.o
                0x20008000                        _estack = (ORIGIN (RAM) + LENGTH (RAM))
                0x00000200                        _Min_Heap_Size = 0x200
                0x00000400                        _Min_Stack_Size = 0x400

.isr_vector     0x08000000      0x1d8
                0x08000000                        . = ALIGN (0x4)
 *(.isr_vector)
 .isr_vector    0x08000000      0x1d8 ./Core/Startup/startup_stm32g431cbtx.o
                0x08000000                g_pfnVectors
                0x080001d8                        . = ALIGN (0x4)

.text           0x080001e0    0x115a0
                0x080001e0                        . = ALIGN (0x4)
 *(.text)
 .text          0x080001e0       0x40 D:/ST/STM32CubeIDE_1.17.0/STM32CubeIDE/plugins/com.st.stm32cube.ide.mcu.externaltools.gnu-tools-for-stm32.12.3.rel1.win32_1.1.0.202410251130/tools/bin/../lib/gcc/arm-none-eabi/12.3.1/thumb/v7e-m+fp/hard/crtbegin.o
 .text          0x08000220       0x14 D:/ST/STM32CubeIDE_1.17.0/STM32CubeIDE/plugins/com.st.stm32cube.ide.mcu.externaltools.gnu-tools-for-stm32.12.3.rel1.win32_1.1.0.202410251130/tools/bin/../lib/gcc/arm-none-eabi/12.3.1/../../../../arm-none-eabi/lib/thumb/v7e-m+fp/hard\libc_nano.a(libc_a-strcmp.o)
                0x08000220                strcmp
 *fill*         0x08000234        0xc 
 .text          0x08000240       0xa0 D:/ST/STM32CubeIDE_1.17.0/STM32CubeIDE/plugins/com.st.stm32cube.ide.mcu.externaltools.gnu-tools-for-stm32.12.3.rel1.win32_1.1.0.202410251130/tools/bin/../lib/gcc/arm-none-eabi/12.3.1/../../../../arm-none-eabi/lib/thumb/v7e-m+fp/hard\libc_nano.a(libc_a-memchr.o)
                0x08000240                memchr
 .text          0x080002e0       0x10 D:/ST/STM32CubeIDE_1.17.0/STM32CubeIDE/plugins/com.st.stm32cube.ide.mcu.externaltools.gnu-tools-for-stm32.12.3.rel1.win32_1.1.0.202410251130/tools/bin/../lib/gcc/arm-none-eabi/12.3.1/../../../../arm-none-eabi/lib/thumb/v7e-m+fp/hard\libc_nano.a(libc_a-strlen.o)
                0x080002e0                strlen
 .text          0x080002f0      0x378 D:/ST/STM32CubeIDE_1.17.0/STM32CubeIDE/plugins/com.st.stm32cube.ide.mcu.externaltools.gnu-tools-for-stm32.12.3.rel1.win32_1.1.0.202410251130/tools/bin/../lib/gcc/arm-none-eabi/12.3.1/thumb/v7e-m+fp/hard\libgcc.a(_arm_addsubdf3.o)
                0x080002f0                __aeabi_drsub
                0x080002f8                __aeabi_dsub
                0x080002f8                __subdf3
                0x080002fc                __aeabi_dadd
                0x080002fc                __adddf3
                0x08000574                __floatunsidf
                0x08000574                __aeabi_ui2d
                0x08000594                __floatsidf
                0x08000594                __aeabi_i2d
                0x080005b8                __aeabi_f2d
                0x080005b8                __extendsfdf2
                0x080005fc                __floatundidf
                0x080005fc                __aeabi_ul2d
                0x0800060c                __floatdidf
                0x0800060c                __aeabi_l2d
 .text          0x08000668      0x424 D:/ST/STM32CubeIDE_1.17.0/STM32CubeIDE/plugins/com.st.stm32cube.ide.mcu.externaltools.gnu-tools-for-stm32.12.3.rel1.win32_1.1.0.202410251130/tools/bin/../lib/gcc/arm-none-eabi/12.3.1/thumb/v7e-m+fp/hard\libgcc.a(_arm_muldivdf3.o)
                0x08000668                __aeabi_dmul
                0x08000668                __muldf3
                0x080008bc                __divdf3
                0x080008bc                __aeabi_ddiv
 .text          0x08000a8c      0x110 D:/ST/STM32CubeIDE_1.17.0/STM32CubeIDE/plugins/com.st.stm32cube.ide.mcu.externaltools.gnu-tools-for-stm32.12.3.rel1.win32_1.1.0.202410251130/tools/bin/../lib/gcc/arm-none-eabi/12.3.1/thumb/v7e-m+fp/hard\libgcc.a(_arm_cmpdf2.o)
                0x08000a8c                __gtdf2
                0x08000a8c                __gedf2
                0x08000a94                __ltdf2
                0x08000a94                __ledf2
                0x08000a9c                __nedf2
                0x08000a9c                __eqdf2
                0x08000a9c                __cmpdf2
                0x08000b18                __aeabi_cdrcmple
                0x08000b28                __aeabi_cdcmpeq
                0x08000b28                __aeabi_cdcmple
                0x08000b38                __aeabi_dcmpeq
                0x08000b4c                __aeabi_dcmplt
                0x08000b60                __aeabi_dcmple
                0x08000b74                __aeabi_dcmpge
                0x08000b88                __aeabi_dcmpgt
 .text          0x08000b9c       0x2c D:/ST/STM32CubeIDE_1.17.0/STM32CubeIDE/plugins/com.st.stm32cube.ide.mcu.externaltools.gnu-tools-for-stm32.12.3.rel1.win32_1.1.0.202410251130/tools/bin/../lib/gcc/arm-none-eabi/12.3.1/thumb/v7e-m+fp/hard\libgcc.a(_arm_unorddf2.o)
                0x08000b9c                __unorddf2
                0x08000b9c                __aeabi_dcmpun
 .text          0x08000bc8       0x50 D:/ST/STM32CubeIDE_1.17.0/STM32CubeIDE/plugins/com.st.stm32cube.ide.mcu.externaltools.gnu-tools-for-stm32.12.3.rel1.win32_1.1.0.202410251130/tools/bin/../lib/gcc/arm-none-eabi/12.3.1/thumb/v7e-m+fp/hard\libgcc.a(_arm_fixdfsi.o)
                0x08000bc8                __aeabi_d2iz
                0x08000bc8                __fixdfsi
 .text          0x08000c18       0x40 D:/ST/STM32CubeIDE_1.17.0/STM32CubeIDE/plugins/com.st.stm32cube.ide.mcu.externaltools.gnu-tools-for-stm32.12.3.rel1.win32_1.1.0.202410251130/tools/bin/../lib/gcc/arm-none-eabi/12.3.1/thumb/v7e-m+fp/hard\libgcc.a(_arm_fixunsdfsi.o)
                0x08000c18                __aeabi_d2uiz
                0x08000c18                __fixunsdfsi
 .text          0x08000c58       0xa0 D:/ST/STM32CubeIDE_1.17.0/STM32CubeIDE/plugins/com.st.stm32cube.ide.mcu.externaltools.gnu-tools-for-stm32.12.3.rel1.win32_1.1.0.202410251130/tools/bin/../lib/gcc/arm-none-eabi/12.3.1/thumb/v7e-m+fp/hard\libgcc.a(_arm_truncdfsf2.o)
                0x08000c58                __truncdfsf2
                0x08000c58                __aeabi_d2f
 .text          0x08000cf8       0xa0 D:/ST/STM32CubeIDE_1.17.0/STM32CubeIDE/plugins/com.st.stm32cube.ide.mcu.externaltools.gnu-tools-for-stm32.12.3.rel1.win32_1.1.0.202410251130/tools/bin/../lib/gcc/arm-none-eabi/12.3.1/thumb/v7e-m+fp/hard\libgcc.a(_aeabi_ldivmod.o)
                0x08000cf8                __aeabi_ldivmod
 .text          0x08000d98       0x30 D:/ST/STM32CubeIDE_1.17.0/STM32CubeIDE/plugins/com.st.stm32cube.ide.mcu.externaltools.gnu-tools-for-stm32.12.3.rel1.win32_1.1.0.202410251130/tools/bin/../lib/gcc/arm-none-eabi/12.3.1/thumb/v7e-m+fp/hard\libgcc.a(_aeabi_uldivmod.o)
                0x08000d98                __aeabi_uldivmod
 .text          0x08000dc8       0x30 D:/ST/STM32CubeIDE_1.17.0/STM32CubeIDE/plugins/com.st.stm32cube.ide.mcu.externaltools.gnu-tools-for-stm32.12.3.rel1.win32_1.1.0.202410251130/tools/bin/../lib/gcc/arm-none-eabi/12.3.1/thumb/v7e-m+fp/hard\libgcc.a(_fixdfdi.o)
                0x08000dc8                __fixdfdi
                0x08000dc8                __aeabi_d2lz
 .text          0x08000df8       0x3c D:/ST/STM32CubeIDE_1.17.0/STM32CubeIDE/plugins/com.st.stm32cube.ide.mcu.externaltools.gnu-tools-for-stm32.12.3.rel1.win32_1.1.0.202410251130/tools/bin/../lib/gcc/arm-none-eabi/12.3.1/thumb/v7e-m+fp/hard\libgcc.a(_fixunsdfdi.o)
                0x08000df8                __fixunsdfdi
                0x08000df8                __aeabi_d2ulz
 .text          0x08000e34      0x2bc D:/ST/STM32CubeIDE_1.17.0/STM32CubeIDE/plugins/com.st.stm32cube.ide.mcu.externaltools.gnu-tools-for-stm32.12.3.rel1.win32_1.1.0.202410251130/tools/bin/../lib/gcc/arm-none-eabi/12.3.1/thumb/v7e-m+fp/hard\libgcc.a(_udivmoddi4.o)
                0x08000e34                __udivmoddi4
 .text          0x080010f0        0x4 D:/ST/STM32CubeIDE_1.17.0/STM32CubeIDE/plugins/com.st.stm32cube.ide.mcu.externaltools.gnu-tools-for-stm32.12.3.rel1.win32_1.1.0.202410251130/tools/bin/../lib/gcc/arm-none-eabi/12.3.1/thumb/v7e-m+fp/hard\libgcc.a(_dvmd_tls.o)
                0x080010f0                __aeabi_idiv0
                0x080010f0                __aeabi_ldiv0
 *(.text*)
 .text.apInit   0x080010f4       0x18 ./App/ap/ap.o
                0x080010f4                apInit
 .text.apMain   0x0800110c       0x32 ./App/ap/ap.o
                0x0800110c                apMain
 *fill*         0x0800113e        0x2 
 .text.cliInit  0x08001140       0x9c ./App/common/src/cli.o
                0x08001140                cliInit
 .text.cliOpen  0x080011dc       0x58 ./App/common/src/cli.o
                0x080011dc                cliOpen
 .text.cliGetPort
                0x08001234       0x18 ./App/common/src/cli.o
                0x08001234                cliGetPort
 .text.cliShowLog
                0x0800124c      0x104 ./App/common/src/cli.o
                0x0800124c                cliShowLog
 .text.cliShowPrompt
                0x08001350       0x30 ./App/common/src/cli.o
 .text.cliMain  0x08001380       0x44 ./App/common/src/cli.o
                0x08001380                cliMain
 .text.cliAvailable
                0x080013c4       0x18 ./App/common/src/cli.o
                0x080013c4                cliAvailable
 .text.cliRead  0x080013dc       0x18 ./App/common/src/cli.o
                0x080013dc                cliRead
 .text.cliWrite
                0x080013f4       0x28 ./App/common/src/cli.o
                0x080013f4                cliWrite
 .text.cliUpdate
                0x0800141c      0x4c4 ./App/common/src/cli.o
 .text.cliLineClean
                0x080018e0       0x34 ./App/common/src/cli.o
 .text.cliLineAdd
                0x08001914       0x88 ./App/common/src/cli.o
 .text.cliLineChange
                0x0800199c      0x114 ./App/common/src/cli.o
 .text.cliRunCmd
                0x08001ab0       0xc0 ./App/common/src/cli.o
 .text.cliParseArgs
                0x08001b70       0x90 ./App/common/src/cli.o
 .text.cliPrintf
                0x08001c00       0x48 ./App/common/src/cli.o
                0x08001c00                cliPrintf
 .text.cliToUpper
                0x08001c48       0x68 ./App/common/src/cli.o
 .text.cliArgsGetData
                0x08001cb0       0x50 ./App/common/src/cli.o
 .text.cliArgsGetFloat
                0x08001d00       0x58 ./App/common/src/cli.o
 .text.cliArgsGetStr
                0x08001d58       0x48 ./App/common/src/cli.o
 .text.cliArgsIsStr
                0x08001da0       0x54 ./App/common/src/cli.o
 .text.cliKeepLoop
                0x08001df4       0x2c ./App/common/src/cli.o
                0x08001df4                cliKeepLoop
 .text.cliAdd   0x08001e20       0x90 ./App/common/src/cli.o
                0x08001e20                cliAdd
 .text.cliShowList
                0x08001eb0       0x70 ./App/common/src/cli.o
                0x08001eb0                cliShowList
 .text.cliMemoryDump
                0x08001f20      0x14c ./App/common/src/cli.o
                0x08001f20                cliMemoryDump
 .text.cliMoveUp
                0x0800206c       0x20 ./App/common/src/cli.o
                0x0800206c                cliMoveUp
 .text.cliMoveDown
                0x0800208c       0x20 ./App/common/src/cli.o
                0x0800208c                cliMoveDown
 .text.qbufferCreate
                0x080020ac       0x3c ./App/common/src/qbuffer.o
                0x080020ac                qbufferCreate
 .text.qbufferRead
                0x080020e8       0xb2 ./App/common/src/qbuffer.o
                0x080020e8                qbufferRead
 .text.qbufferAvailable
                0x0800219a       0x36 ./App/common/src/qbuffer.o
                0x0800219a                qbufferAvailable
 .text.hwInit   0x080021d0       0xb0 ./App/hw/hw.o
                0x080021d0                hwInit
 .text.delay    0x08002280       0x16 ./App/hw/hw.o
                0x08002280                delay
 .text.delayUs  0x08002296       0x2a ./App/hw/hw.o
                0x08002296                delayUs
 .text.millis   0x080022c0        0xe ./App/hw/hw.o
                0x080022c0                millis
 *fill*         0x080022ce        0x2 
 .text.micros   0x080022d0       0x7c ./App/hw/hw.o
                0x080022d0                micros
 .text.buttonInit
                0x0800234c      0x138 ./App/hw/src/button.o
                0x0800234c                buttonInit
 .text.buttonISR
                0x08002484      0x344 ./App/hw/src/button.o
 .text.buttonGetPin
                0x080027c8       0x40 ./App/hw/src/button.o
 .text.buttonGetPressed
                0x08002808       0x44 ./App/hw/src/button.o
                0x08002808                buttonGetPressed
 .text.buttonGetPressedTime
                0x0800284c       0x5c ./App/hw/src/button.o
                0x0800284c                buttonGetPressedTime
 .text.cliButton
                0x080028a8      0x18c ./App/hw/src/button.o
 .text.encoderISR
                0x08002a34       0xd0 ./App/hw/src/encoder.o
 .text.HAL_GPIO_EXTI_Callback
                0x08002b04       0x4e ./App/hw/src/encoder.o
                0x08002b04                HAL_GPIO_EXTI_Callback
 *fill*         0x08002b52        0x2 
 .text.gpioInit
                0x08002b54       0x58 ./App/hw/src/gpio.o
                0x08002b54                gpioInit
 .text.gpioPinMode
                0x08002bac       0xe0 ./App/hw/src/gpio.o
                0x08002bac                gpioPinMode
 .text.gpioPinWrite
                0x08002c8c       0xb8 ./App/hw/src/gpio.o
                0x08002c8c                gpioPinWrite
 .text.gpioPinRead
                0x08002d44       0x70 ./App/hw/src/gpio.o
                0x08002d44                gpioPinRead
 .text.cliGpio  0x08002db4      0x1bc ./App/hw/src/gpio.o
 .text.i2cInit  0x08002f70       0x68 ./App/hw/src/i2c.o
                0x08002f70                i2cInit
 .text.i2cBegin
                0x08002fd8       0xcc ./App/hw/src/i2c.o
                0x08002fd8                i2cBegin
 .text.i2cGetTimming
                0x080030a4       0x40 ./App/hw/src/i2c.o
 .text.i2cIsBegin
                0x080030e4       0x20 ./App/hw/src/i2c.o
                0x080030e4                i2cIsBegin
 .text.i2cReset
                0x08003104      0x12c ./App/hw/src/i2c.o
                0x08003104                i2cReset
 .text.i2cIsDeviceReady
                0x08003230       0x54 ./App/hw/src/i2c.o
                0x08003230                i2cIsDeviceReady
 .text.i2cReadByte
                0x08003284       0x32 ./App/hw/src/i2c.o
                0x08003284                i2cReadByte
 *fill*         0x080032b6        0x2 
 .text.i2cReadBytes
                0x080032b8       0x74 ./App/hw/src/i2c.o
                0x080032b8                i2cReadBytes
 .text.i2cWriteByte
                0x0800332c       0x3e ./App/hw/src/i2c.o
                0x0800332c                i2cWriteByte
 *fill*         0x0800336a        0x2 
 .text.i2cWriteBytes
                0x0800336c       0x74 ./App/hw/src/i2c.o
                0x0800336c                i2cWriteBytes
 .text.cliI2C   0x080033e0      0x2f0 ./App/hw/src/i2c.o
 .text.imuInit  0x080036d0       0x8c ./App/hw/src/imu.o
                0x080036d0                imuInit
 .text.imuBegin
                0x0800375c       0x64 ./App/hw/src/imu.o
                0x0800375c                imuBegin
 .text.imuUpdate
                0x080037c0       0x20 ./App/hw/src/imu.o
                0x080037c0                imuUpdate
 .text.imuUpdateInfo
                0x080037e0       0x58 ./App/hw/src/imu.o
 .text.imuComputeIMU
                0x08003838      0x230 ./App/hw/src/imu.o
 .text.imuCalibrateGyro
                0x08003a68      0x13c ./App/hw/src/imu.o
 .text.cliCmd   0x08003ba4      0x23c ./App/hw/src/imu.o
 .text.ledInit  0x08003de0       0x2c ./App/hw/src/led.o
                0x08003de0                ledInit
 .text.ledOff   0x08003e0c       0x40 ./App/hw/src/led.o
                0x08003e0c                ledOff
 .text.ledToggle
                0x08003e4c       0x38 ./App/hw/src/led.o
                0x08003e4c                ledToggle
 .text.logInit  0x08003e84       0x74 ./App/hw/src/log.o
                0x08003e84                logInit
 .text.logBoot  0x08003ef8       0x2c ./App/hw/src/log.o
                0x08003ef8                logBoot
 .text.logOpen  0x08003f24       0x44 ./App/hw/src/log.o
                0x08003f24                logOpen
 .text.logBufPrintf
                0x08003f68       0xc0 ./App/hw/src/log.o
                0x08003f68                logBufPrintf
 .text.logPrintf
                0x08004028       0x9c ./App/hw/src/log.o
                0x08004028                logPrintf
 .text.cliCmd   0x080040c4      0x180 ./App/hw/src/log.o
 .text.swtimerISR
                0x08004244      0x108 ./App/hw/src/swtimer.o
                0x08004244                swtimerISR
 .text.swtimerSet
                0x0800434c       0x9c ./App/hw/src/swtimer.o
                0x0800434c                swtimerSet
 .text.swtimerStart
                0x080043e8       0x60 ./App/hw/src/swtimer.o
                0x080043e8                swtimerStart
 .text.swtimerGetHandle
                0x08004448       0x40 ./App/hw/src/swtimer.o
                0x08004448                swtimerGetHandle
 .text.uartInit
                0x08004488       0x9c ./App/hw/src/uart.o
                0x08004488                uartInit
 .text.uartOpen
                0x08004524      0x398 ./App/hw/src/uart.o
                0x08004524                uartOpen
 .text.uartAvailable
                0x080048bc       0x80 ./App/hw/src/uart.o
                0x080048bc                uartAvailable
 .text.uartRead
                0x0800493c       0x6c ./App/hw/src/uart.o
                0x0800493c                uartRead
 .text.uartLinSendBreak
                0x080049a8       0x48 ./App/hw/src/uart.o
                0x080049a8                uartLinSendBreak
 .text.uartWrite
                0x080049f0       0x80 ./App/hw/src/uart.o
                0x080049f0                uartWrite
 .text.uartPrintf
                0x08004a70       0x70 ./App/hw/src/uart.o
                0x08004a70                uartPrintf
 .text.uartGetBaud
                0x08004ae0       0x40 ./App/hw/src/uart.o
                0x08004ae0                uartGetBaud
 .text.cliUart  0x08004b20      0x250 ./App/hw/src/uart.o
 .text.icm42670AccelRangeToReg
                0x08004d70       0x74 ./App/hw/src/imu/icm42670.o
 .text.icm42670GyroRangeToReg
                0x08004de4       0x4e ./App/hw/src/imu/icm42670.o
 .text.icm42670GyroOdrToReg
                0x08004e32       0x80 ./App/hw/src/imu/icm42670.o
 .text.icm42670AccelOdrToReg
                0x08004eb2       0x80 ./App/hw/src/imu/icm42670.o
 *fill*         0x08004f32        0x2 
 .text.icm42670Init
                0x08004f34       0xa8 ./App/hw/src/imu/icm42670.o
                0x08004f34                icm42670Init
 .text.icm42670InitRegs
                0x08004fdc      0x10e ./App/hw/src/imu/icm42670.o
 *fill*         0x080050ea        0x2 
 .text.icm42670GetInfo
                0x080050ec       0xd4 ./App/hw/src/imu/icm42670.o
                0x080050ec                icm42670GetInfo
 .text.regReadByte
                0x080051c0       0x26 ./App/hw/src/imu/icm42670.o
                0x080051c0                regReadByte
 .text.regWriteByte
                0x080051e6       0x2a ./App/hw/src/imu/icm42670.o
                0x080051e6                regWriteByte
 .text.regRead  0x08005210       0x68 ./App/hw/src/imu/icm42670.o
                0x08005210                regRead
 .text.regWrite
                0x08005278       0x68 ./App/hw/src/imu/icm42670.o
                0x08005278                regWrite
 .text.icm42670MclkOn
                0x080052e0       0xae ./App/hw/src/imu/icm42670.o
 .text.icm42670MclkOff
                0x0800538e       0x1e ./App/hw/src/imu/icm42670.o
 .text.regWriteMreg1
                0x080053ac       0xd6 ./App/hw/src/imu/icm42670.o
 .text.regReadMreg1
                0x08005482       0xd0 ./App/hw/src/imu/icm42670.o
 .text.icm42670SignExtend12
                0x08005552       0x3c ./App/hw/src/imu/icm42670.o
 .text.icm42670ReadOffsetRegs
                0x0800558e       0x4e ./App/hw/src/imu/icm42670.o
 .text.icm42670PrintOffsets
                0x080055dc      0x168 ./App/hw/src/imu/icm42670.o
 .text.icm42670Calibrate
                0x08005744      0x39c ./App/hw/src/imu/icm42670.o
                0x08005744                icm42670Calibrate
 .text.icm42670ClampOffset12
                0x08005ae0       0x38 ./App/hw/src/imu/icm42670.o
 .text.icm42670SetGyroOffset
                0x08005b18      0x232 ./App/hw/src/imu/icm42670.o
                0x08005b18                icm42670SetGyroOffset
 .text.icm42670SetAccelOffset
                0x08005d4a      0x244 ./App/hw/src/imu/icm42670.o
                0x08005d4a                icm42670SetAccelOffset
 *fill*         0x08005f8e        0x2 
 .text.cliCmd   0x08005f90      0x514 ./App/hw/src/imu/icm42670.o
 .text.madgwickInit
                0x080064a4       0x88 ./App/hw/src/imu/madgwick.o
                0x080064a4                madgwickInit
 .text.madgwickSetFreq
                0x0800652c       0x2c ./App/hw/src/imu/madgwick.o
                0x0800652c                madgwickSetFreq
 .text.madgwickSetFreqTime
                0x08006558       0x20 ./App/hw/src/imu/madgwick.o
                0x08006558                madgwickSetFreqTime
 .text.madgwickUpdate
                0x08006578      0x690 ./App/hw/src/imu/madgwick.o
                0x08006578                madgwickUpdate
 .text.madgwickGetInfo
                0x08006c08       0xc4 ./App/hw/src/imu/madgwick.o
                0x08006c08                madgwickGetInfo
 .text.invSqrt  0x08006ccc       0xa0 ./App/hw/src/imu/madgwick.o
 .text.computeAngles
                0x08006d6c      0x138 ./App/hw/src/imu/madgwick.o
 .text.MX_DMA_Init
                0x08006ea4       0x48 ./Core/Src/dma.o
                0x08006ea4                MX_DMA_Init
 .text.MX_GPIO_Init
                0x08006eec      0x160 ./Core/Src/gpio.o
                0x08006eec                MX_GPIO_Init
 .text.MX_I2C2_Init
                0x0800704c       0x80 ./Core/Src/i2c.o
                0x0800704c                MX_I2C2_Init
 .text.HAL_I2C_MspInit
                0x080070cc       0xb0 ./Core/Src/i2c.o
                0x080070cc                HAL_I2C_MspInit
 .text.HAL_I2C_MspDeInit
                0x0800717c       0x48 ./Core/Src/i2c.o
                0x0800717c                HAL_I2C_MspDeInit
 .text.main     0x080071c4       0x40 ./Core/Src/main.o
                0x080071c4                main
 .text.SystemClock_Config
                0x08007204       0x92 ./Core/Src/main.o
                0x08007204                SystemClock_Config
 .text.Error_Handler
                0x08007296        0xc ./Core/Src/main.o
                0x08007296                Error_Handler
 *fill*         0x080072a2        0x2 
 .text.MX_SPI3_Init
                0x080072a4       0x7c ./Core/Src/spi.o
                0x080072a4                MX_SPI3_Init
 .text.HAL_SPI_MspInit
                0x08007320       0xa8 ./Core/Src/spi.o
                0x08007320                HAL_SPI_MspInit
 .text.HAL_MspInit
                0x080073c8       0x48 ./Core/Src/stm32g4xx_hal_msp.o
                0x080073c8                HAL_MspInit
 .text.NMI_Handler
                0x08007410        0x8 ./Core/Src/stm32g4xx_it.o
                0x08007410                NMI_Handler
 .text.HardFault_Handler
                0x08007418        0x8 ./Core/Src/stm32g4xx_it.o
                0x08007418                HardFault_Handler
 .text.MemManage_Handler
                0x08007420        0x8 ./Core/Src/stm32g4xx_it.o
                0x08007420                MemManage_Handler
 .text.BusFault_Handler
                0x08007428        0x8 ./Core/Src/stm32g4xx_it.o
                0x08007428                BusFault_Handler
 .text.UsageFault_Handler
                0x08007430        0x8 ./Core/Src/stm32g4xx_it.o
                0x08007430                UsageFault_Handler
 .text.SVC_Handler
                0x08007438        0xe ./Core/Src/stm32g4xx_it.o
                0x08007438                SVC_Handler
 .text.DebugMon_Handler
                0x08007446        0xe ./Core/Src/stm32g4xx_it.o
                0x08007446                DebugMon_Handler
 .text.PendSV_Handler
                0x08007454        0xe ./Core/Src/stm32g4xx_it.o
                0x08007454                PendSV_Handler
 .text.SysTick_Handler
                0x08007462       0x10 ./Core/Src/stm32g4xx_it.o
                0x08007462                SysTick_Handler
 .text.EXTI9_5_IRQHandler
                0x08007472       0x14 ./Core/Src/stm32g4xx_it.o
                0x08007472                EXTI9_5_IRQHandler
 .text.EXTI15_10_IRQHandler
                0x08007486       0x18 ./Core/Src/stm32g4xx_it.o
                0x08007486                EXTI15_10_IRQHandler
 .text._getpid  0x0800749e       0x10 ./Core/Src/syscalls.o
                0x0800749e                _getpid
 .text._kill    0x080074ae       0x20 ./Core/Src/syscalls.o
                0x080074ae                _kill
 .text._exit    0x080074ce       0x16 ./Core/Src/syscalls.o
                0x080074ce                _exit
 .text._read    0x080074e4       0x3a ./Core/Src/syscalls.o
                0x080074e4                _read
 .text._write   0x0800751e       0x38 ./Core/Src/syscalls.o
                0x0800751e                _write
 .text._close   0x08007556       0x18 ./Core/Src/syscalls.o
                0x08007556                _close
 .text._fstat   0x0800756e       0x20 ./Core/Src/syscalls.o
                0x0800756e                _fstat
 .text._isatty  0x0800758e       0x16 ./Core/Src/syscalls.o
                0x0800758e                _isatty
 .text._lseek   0x080075a4       0x1a ./Core/Src/syscalls.o
                0x080075a4                _lseek
 *fill*         0x080075be        0x2 
 .text._sbrk    0x080075c0       0x6c ./Core/Src/sysmem.o
                0x080075c0                _sbrk
 .text.SystemInit
                0x0800762c       0x24 ./Core/Src/system_stm32g4xx.o
                0x0800762c                SystemInit
 .text.MX_TIM1_Init
                0x08007650       0xa8 ./Core/Src/tim.o
                0x08007650                MX_TIM1_Init
 .text.MX_TIM3_Init
                0x080076f8      0x104 ./Core/Src/tim.o
                0x080076f8                MX_TIM3_Init
 .text.MX_TIM17_Init
                0x080077fc       0x50 ./Core/Src/tim.o
                0x080077fc                MX_TIM17_Init
 .text.HAL_TIM_Base_MspInit
                0x0800784c       0x90 ./Core/Src/tim.o
                0x0800784c                HAL_TIM_Base_MspInit
 .text.HAL_TIM_MspPostInit
                0x080078dc       0x70 ./Core/Src/tim.o
                0x080078dc                HAL_TIM_MspPostInit
 .text.MX_USART1_UART_Init
                0x0800794c       0x98 ./Core/Src/usart.o
                0x0800794c                MX_USART1_UART_Init
 .text.MX_USART2_UART_Init
                0x080079e4       0x98 ./Core/Src/usart.o
                0x080079e4                MX_USART2_UART_Init
 .text.HAL_UART_MspInit
                0x08007a7c      0x1e8 ./Core/Src/usart.o
                0x08007a7c                HAL_UART_MspInit
 .text.HAL_UART_MspDeInit
                0x08007c64       0x78 ./Core/Src/usart.o
                0x08007c64                HAL_UART_MspDeInit
 .text.Reset_Handler
                0x08007cdc       0x50 ./Core/Startup/startup_stm32g431cbtx.o
                0x08007cdc                Reset_Handler
 .text.Default_Handler
                0x08007d2c        0x2 ./Core/Startup/startup_stm32g431cbtx.o
                0x08007d2c                RTC_Alarm_IRQHandler
                0x08007d2c                EXTI2_IRQHandler
                0x08007d2c                TIM8_TRG_COM_IRQHandler
                0x08007d2c                TIM8_CC_IRQHandler
                0x08007d2c                TIM1_CC_IRQHandler
                0x08007d2c                USB_HP_IRQHandler
                0x08007d2c                CORDIC_IRQHandler
                0x08007d2c                EXTI3_IRQHandler
                0x08007d2c                I2C3_ER_IRQHandler
                0x08007d2c                EXTI0_IRQHandler
                0x08007d2c                I2C2_EV_IRQHandler
                0x08007d2c                FPU_IRQHandler
                0x08007d2c                FDCAN1_IT1_IRQHandler
                0x08007d2c                TIM1_UP_TIM16_IRQHandler
                0x08007d2c                ADC1_2_IRQHandler
                0x08007d2c                SPI1_IRQHandler
                0x08007d2c                TIM6_DAC_IRQHandler
                0x08007d2c                TIM8_UP_IRQHandler
                0x08007d2c                DMA2_Channel2_IRQHandler
                0x08007d2c                DMA1_Channel4_IRQHandler
                0x08007d2c                USART3_IRQHandler
                0x08007d2c                TIM4_IRQHandler
                0x08007d2c                DMA2_Channel1_IRQHandler
                0x08007d2c                I2C1_EV_IRQHandler
                0x08007d2c                DMA1_Channel6_IRQHandler
                0x08007d2c                UART4_IRQHandler
                0x08007d2c                DMA2_Channel4_IRQHandler
                0x08007d2c                TIM3_IRQHandler
                0x08007d2c                RCC_IRQHandler
                0x08007d2c                DMA1_Channel1_IRQHandler
                0x08007d2c                Default_Handler
                0x08007d2c                RTC_TAMP_LSECSS_IRQHandler
                0x08007d2c                FMAC_IRQHandler
                0x08007d2c                TIM7_IRQHandler
                0x08007d2c                UCPD1_IRQHandler
                0x08007d2c                I2C3_EV_IRQHandler
                0x08007d2c                RTC_WKUP_IRQHandler
                0x08007d2c                PVD_PVM_IRQHandler
                0x08007d2c                SPI2_IRQHandler
                0x08007d2c                DMA2_Channel5_IRQHandler
                0x08007d2c                CRS_IRQHandler
                0x08007d2c                DMA1_Channel5_IRQHandler
                0x08007d2c                USB_LP_IRQHandler
                0x08007d2c                EXTI4_IRQHandler
                0x08007d2c                RNG_IRQHandler
                0x08007d2c                TIM1_TRG_COM_TIM17_IRQHandler
                0x08007d2c                DMA1_Channel3_IRQHandler
                0x08007d2c                WWDG_IRQHandler
                0x08007d2c                LPUART1_IRQHandler
                0x08007d2c                DMA2_Channel6_IRQHandler
                0x08007d2c                FDCAN1_IT0_IRQHandler
                0x08007d2c                TIM2_IRQHandler
                0x08007d2c                COMP1_2_3_IRQHandler
                0x08007d2c                EXTI1_IRQHandler
                0x08007d2c                USART2_IRQHandler
                0x08007d2c                I2C2_ER_IRQHandler
                0x08007d2c                DMA1_Channel2_IRQHandler
                0x08007d2c                TIM8_BRK_IRQHandler
                0x08007d2c                FLASH_IRQHandler
                0x08007d2c                USART1_IRQHandler
                0x08007d2c                SPI3_IRQHandler
                0x08007d2c                I2C1_ER_IRQHandler
                0x08007d2c                LPTIM1_IRQHandler
                0x08007d2c                DMAMUX_OVR_IRQHandler
                0x08007d2c                USBWakeUp_IRQHandler
                0x08007d2c                SAI1_IRQHandler
                0x08007d2c                DMA2_Channel3_IRQHandler
                0x08007d2c                COMP4_IRQHandler
                0x08007d2c                TIM1_BRK_TIM15_IRQHandler
 .text.HAL_Init
                0x08007d2e       0x30 ./Drivers/STM32G4xx_HAL_Driver/Src/stm32g4xx_hal.o
                0x08007d2e                HAL_Init
 *fill*         0x08007d5e        0x2 
 .text.HAL_InitTick
                0x08007d60       0x74 ./Drivers/STM32G4xx_HAL_Driver/Src/stm32g4xx_hal.o
                0x08007d60                HAL_InitTick
 .text.HAL_IncTick
                0x08007dd4       0x24 ./Drivers/STM32G4xx_HAL_Driver/Src/stm32g4xx_hal.o
                0x08007dd4                HAL_IncTick
 .text.HAL_GetTick
                0x08007df8       0x18 ./Drivers/STM32G4xx_HAL_Driver/Src/stm32g4xx_hal.o
                0x08007df8                HAL_GetTick
 .text.HAL_Delay
                0x08007e10       0x44 ./Drivers/STM32G4xx_HAL_Driver/Src/stm32g4xx_hal.o
                0x08007e10                HAL_Delay
 .text.__NVIC_SetPriorityGrouping
                0x08007e54       0x48 ./Drivers/STM32G4xx_HAL_Driver/Src/stm32g4xx_hal_cortex.o
 .text.__NVIC_GetPriorityGrouping
                0x08007e9c       0x1c ./Drivers/STM32G4xx_HAL_Driver/Src/stm32g4xx_hal_cortex.o
 .text.__NVIC_EnableIRQ
                0x08007eb8       0x3c ./Drivers/STM32G4xx_HAL_Driver/Src/stm32g4xx_hal_cortex.o
 .text.__NVIC_SetPriority
                0x08007ef4       0x54 ./Drivers/STM32G4xx_HAL_Driver/Src/stm32g4xx_hal_cortex.o
 .text.NVIC_EncodePriority
                0x08007f48       0x66 ./Drivers/STM32G4xx_HAL_Driver/Src/stm32g4xx_hal_cortex.o
 *fill*         0x08007fae        0x2 
 .text.SysTick_Config
                0x08007fb0       0x44 ./Drivers/STM32G4xx_HAL_Driver/Src/stm32g4xx_hal_cortex.o
 .text.HAL_NVIC_SetPriorityGrouping
                0x08007ff4       0x16 ./Drivers/STM32G4xx_HAL_Driver/Src/stm32g4xx_hal_cortex.o
                0x08007ff4                HAL_NVIC_SetPriorityGrouping
 .text.HAL_NVIC_SetPriority
                0x0800800a       0x34 ./Drivers/STM32G4xx_HAL_Driver/Src/stm32g4xx_hal_cortex.o
                0x0800800a                HAL_NVIC_SetPriority
 .text.HAL_NVIC_EnableIRQ
                0x0800803e       0x1c ./Drivers/STM32G4xx_HAL_Driver/Src/stm32g4xx_hal_cortex.o
                0x0800803e                HAL_NVIC_EnableIRQ
 .text.HAL_SYSTICK_Config
                0x0800805a       0x18 ./Drivers/STM32G4xx_HAL_Driver/Src/stm32g4xx_hal_cortex.o
                0x0800805a                HAL_SYSTICK_Config
 *fill*         0x08008072        0x2 
 .text.HAL_DMA_Init
                0x08008074      0x150 ./Drivers/STM32G4xx_HAL_Driver/Src/stm32g4xx_hal_dma.o
                0x08008074                HAL_DMA_Init
 .text.HAL_DMA_DeInit
                0x080081c4      0x12c ./Drivers/STM32G4xx_HAL_Driver/Src/stm32g4xx_hal_dma.o
                0x080081c4                HAL_DMA_DeInit
 .text.HAL_DMA_Start_IT
                0x080082f0       0xf6 ./Drivers/STM32G4xx_HAL_Driver/Src/stm32g4xx_hal_dma.o
                0x080082f0                HAL_DMA_Start_IT
 .text.DMA_SetConfig
                0x080083e6       0x7c ./Drivers/STM32G4xx_HAL_Driver/Src/stm32g4xx_hal_dma.o
 *fill*         0x08008462        0x2 
 .text.DMA_CalcDMAMUXChannelBaseAndMask
                0x08008464       0x7c ./Drivers/STM32G4xx_HAL_Driver/Src/stm32g4xx_hal_dma.o
 .text.DMA_CalcDMAMUXRequestGenBaseAndMask
                0x080084e0       0x48 ./Drivers/STM32G4xx_HAL_Driver/Src/stm32g4xx_hal_dma.o
 .text.HAL_GPIO_Init
                0x08008528      0x304 ./Drivers/STM32G4xx_HAL_Driver/Src/stm32g4xx_hal_gpio.o
                0x08008528                HAL_GPIO_Init
 .text.HAL_GPIO_DeInit
                0x0800882c      0x1c4 ./Drivers/STM32G4xx_HAL_Driver/Src/stm32g4xx_hal_gpio.o
                0x0800882c                HAL_GPIO_DeInit
 .text.HAL_GPIO_ReadPin
                0x080089f0       0x30 ./Drivers/STM32G4xx_HAL_Driver/Src/stm32g4xx_hal_gpio.o
                0x080089f0                HAL_GPIO_ReadPin
 .text.HAL_GPIO_WritePin
                0x08008a20       0x30 ./Drivers/STM32G4xx_HAL_Driver/Src/stm32g4xx_hal_gpio.o
                0x08008a20                HAL_GPIO_WritePin
 .text.HAL_GPIO_TogglePin
                0x08008a50       0x34 ./Drivers/STM32G4xx_HAL_Driver/Src/stm32g4xx_hal_gpio.o
                0x08008a50                HAL_GPIO_TogglePin
 .text.HAL_GPIO_EXTI_IRQHandler
                0x08008a84       0x30 ./Drivers/STM32G4xx_HAL_Driver/Src/stm32g4xx_hal_gpio.o
                0x08008a84                HAL_GPIO_EXTI_IRQHandler
 .text.HAL_I2C_Init
                0x08008ab4      0x136 ./Drivers/STM32G4xx_HAL_Driver/Src/stm32g4xx_hal_i2c.o
                0x08008ab4                HAL_I2C_Init
 .text.HAL_I2C_DeInit
                0x08008bea       0x5e ./Drivers/STM32G4xx_HAL_Driver/Src/stm32g4xx_hal_i2c.o
                0x08008bea                HAL_I2C_DeInit
 .text.HAL_I2C_Mem_Write
                0x08008c48      0x228 ./Drivers/STM32G4xx_HAL_Driver/Src/stm32g4xx_hal_i2c.o
                0x08008c48                HAL_I2C_Mem_Write
 .text.HAL_I2C_Mem_Read
                0x08008e70      0x234 ./Drivers/STM32G4xx_HAL_Driver/Src/stm32g4xx_hal_i2c.o
                0x08008e70                HAL_I2C_Mem_Read
 .text.HAL_I2C_IsDeviceReady
                0x080090a4      0x1d8 ./Drivers/STM32G4xx_HAL_Driver/Src/stm32g4xx_hal_i2c.o
                0x080090a4                HAL_I2C_IsDeviceReady
 .text.I2C_RequestMemoryWrite
                0x0800927c       0xa8 ./Drivers/STM32G4xx_HAL_Driver/Src/stm32g4xx_hal_i2c.o
 .text.I2C_RequestMemoryRead
                0x08009324       0xa8 ./Drivers/STM32G4xx_HAL_Driver/Src/stm32g4xx_hal_i2c.o
 .text.I2C_Flush_TXDR
                0x080093cc       0x48 ./Drivers/STM32G4xx_HAL_Driver/Src/stm32g4xx_hal_i2c.o
 .text.I2C_WaitOnFlagUntilTimeout
                0x08009414       0xb2 ./Drivers/STM32G4xx_HAL_Driver/Src/stm32g4xx_hal_i2c.o
 .text.I2C_WaitOnTXISFlagUntilTimeout
                0x080094c6       0x8e ./Drivers/STM32G4xx_HAL_Driver/Src/stm32g4xx_hal_i2c.o
 .text.I2C_WaitOnSTOPFlagUntilTimeout
                0x08009554       0x86 ./Drivers/STM32G4xx_HAL_Driver/Src/stm32g4xx_hal_i2c.o
 *fill*         0x080095da        0x2 
 .text.I2C_IsErrorOccurred
                0x080095dc      0x1c0 ./Drivers/STM32G4xx_HAL_Driver/Src/stm32g4xx_hal_i2c.o
 .text.I2C_TransferConfig
                0x0800979c       0x64 ./Drivers/STM32G4xx_HAL_Driver/Src/stm32g4xx_hal_i2c.o
 .text.HAL_I2CEx_ConfigAnalogFilter
                0x08009800       0x96 ./Drivers/STM32G4xx_HAL_Driver/Src/stm32g4xx_hal_i2c_ex.o
                0x08009800                HAL_I2CEx_ConfigAnalogFilter
 .text.HAL_I2CEx_ConfigDigitalFilter
                0x08009896       0x98 ./Drivers/STM32G4xx_HAL_Driver/Src/stm32g4xx_hal_i2c_ex.o
                0x08009896                HAL_I2CEx_ConfigDigitalFilter
 *fill*         0x0800992e        0x2 
 .text.HAL_PWREx_ControlVoltageScaling
                0x08009930      0x148 ./Drivers/STM32G4xx_HAL_Driver/Src/stm32g4xx_hal_pwr_ex.o
                0x08009930                HAL_PWREx_ControlVoltageScaling
 .text.HAL_PWREx_DisableUCPDDeadBattery
                0x08009a78       0x20 ./Drivers/STM32G4xx_HAL_Driver/Src/stm32g4xx_hal_pwr_ex.o
                0x08009a78                HAL_PWREx_DisableUCPDDeadBattery
 .text.HAL_RCC_OscConfig
                0x08009a98      0x624 ./Drivers/STM32G4xx_HAL_Driver/Src/stm32g4xx_hal_rcc.o
                0x08009a98                HAL_RCC_OscConfig
 .text.HAL_RCC_ClockConfig
                0x0800a0bc      0x278 ./Drivers/STM32G4xx_HAL_Driver/Src/stm32g4xx_hal_rcc.o
                0x0800a0bc                HAL_RCC_ClockConfig
 .text.HAL_RCC_GetSysClockFreq
                0x0800a334       0xc4 ./Drivers/STM32G4xx_HAL_Driver/Src/stm32g4xx_hal_rcc.o
                0x0800a334                HAL_RCC_GetSysClockFreq
 .text.HAL_RCC_GetHCLKFreq
                0x0800a3f8       0x18 ./Drivers/STM32G4xx_HAL_Driver/Src/stm32g4xx_hal_rcc.o
                0x0800a3f8                HAL_RCC_GetHCLKFreq
 .text.HAL_RCC_GetPCLK1Freq
                0x0800a410       0x2c ./Drivers/STM32G4xx_HAL_Driver/Src/stm32g4xx_hal_rcc.o
                0x0800a410                HAL_RCC_GetPCLK1Freq
 .text.HAL_RCC_GetPCLK2Freq
                0x0800a43c       0x2c ./Drivers/STM32G4xx_HAL_Driver/Src/stm32g4xx_hal_rcc.o
                0x0800a43c                HAL_RCC_GetPCLK2Freq
 .text.RCC_GetSysClockFreqFromPLLSource
                0x0800a468       0x8c ./Drivers/STM32G4xx_HAL_Driver/Src/stm32g4xx_hal_rcc.o
 .text.HAL_RCCEx_PeriphCLKConfig
                0x0800a4f4      0x3e0 ./Drivers/STM32G4xx_HAL_Driver/Src/stm32g4xx_hal_rcc_ex.o
                0x0800a4f4                HAL_RCCEx_PeriphCLKConfig
 .text.HAL_SPI_Init
                0x0800a8d4      0x156 ./Drivers/STM32G4xx_HAL_Driver/Src/stm32g4xx_hal_spi.o
                0x0800a8d4                HAL_SPI_Init
 .text.HAL_TIM_Base_Init
                0x0800aa2a       0xae ./Drivers/STM32G4xx_HAL_Driver/Src/stm32g4xx_hal_tim.o
                0x0800aa2a                HAL_TIM_Base_Init
 .text.HAL_TIM_PWM_Init
                0x0800aad8       0xae ./Drivers/STM32G4xx_HAL_Driver/Src/stm32g4xx_hal_tim.o
                0x0800aad8                HAL_TIM_PWM_Init
 .text.HAL_TIM_PWM_MspInit
                0x0800ab86       0x14 ./Drivers/STM32G4xx_HAL_Driver/Src/stm32g4xx_hal_tim.o
                0x0800ab86                HAL_TIM_PWM_MspInit
 *fill*         0x0800ab9a        0x2 
 .text.HAL_TIM_PWM_ConfigChannel
                0x0800ab9c      0x228 ./Drivers/STM32G4xx_HAL_Driver/Src/stm32g4xx_hal_tim.o
                0x0800ab9c                HAL_TIM_PWM_ConfigChannel
 .text.HAL_TIM_ConfigClockSource
                0x0800adc4      0x1f4 ./Drivers/STM32G4xx_HAL_Driver/Src/stm32g4xx_hal_tim.o
                0x0800adc4                HAL_TIM_ConfigClockSource
 .text.TIM_Base_SetConfig
                0x0800afb8      0x138 ./Drivers/STM32G4xx_HAL_Driver/Src/stm32g4xx_hal_tim.o
                0x0800afb8                TIM_Base_SetConfig
 .text.TIM_OC1_SetConfig
                0x0800b0f0      0x120 ./Drivers/STM32G4xx_HAL_Driver/Src/stm32g4xx_hal_tim.o
 .text.TIM_OC2_SetConfig
                0x0800b210      0x114 ./Drivers/STM32G4xx_HAL_Driver/Src/stm32g4xx_hal_tim.o
                0x0800b210                TIM_OC2_SetConfig
 .text.TIM_OC3_SetConfig
                0x0800b324      0x110 ./Drivers/STM32G4xx_HAL_Driver/Src/stm32g4xx_hal_tim.o
 .text.TIM_OC4_SetConfig
                0x0800b434      0x114 ./Drivers/STM32G4xx_HAL_Driver/Src/stm32g4xx_hal_tim.o
 .text.TIM_OC5_SetConfig
                0x0800b548       0xc8 ./Drivers/STM32G4xx_HAL_Driver/Src/stm32g4xx_hal_tim.o
 .text.TIM_OC6_SetConfig
                0x0800b610       0xcc ./Drivers/STM32G4xx_HAL_Driver/Src/stm32g4xx_hal_tim.o
 .text.TIM_TI1_ConfigInputStage
                0x0800b6dc       0x5e ./Drivers/STM32G4xx_HAL_Driver/Src/stm32g4xx_hal_tim.o
 .text.TIM_TI2_ConfigInputStage
                0x0800b73a       0x60 ./Drivers/STM32G4xx_HAL_Driver/Src/stm32g4xx_hal_tim.o
 .text.TIM_ITRx_SetConfig
                0x0800b79a       0x3a ./Drivers/STM32G4xx_HAL_Driver/Src/stm32g4xx_hal_tim.o
 .text.TIM_ETR_SetConfig
                0x0800b7d4       0x40 ./Drivers/STM32G4xx_HAL_Driver/Src/stm32g4xx_hal_tim.o
                0x0800b7d4                TIM_ETR_SetConfig
 .text.HAL_TIMEx_MasterConfigSynchronization
                0x0800b814      0x104 ./Drivers/STM32G4xx_HAL_Driver/Src/stm32g4xx_hal_tim_ex.o
                0x0800b814                HAL_TIMEx_MasterConfigSynchronization
 .text.HAL_UART_Init
                0x0800b918       0xa0 ./Drivers/STM32G4xx_HAL_Driver/Src/stm32g4xx_hal_uart.o
                0x0800b918                HAL_UART_Init
 .text.HAL_LIN_Init
                0x0800b9b8       0xe0 ./Drivers/STM32G4xx_HAL_Driver/Src/stm32g4xx_hal_uart.o
                0x0800b9b8                HAL_LIN_Init
 .text.HAL_UART_DeInit
                0x0800ba98       0x7e ./Drivers/STM32G4xx_HAL_Driver/Src/stm32g4xx_hal_uart.o
                0x0800ba98                HAL_UART_DeInit
 .text.HAL_UART_Transmit
                0x0800bb16      0x11c ./Drivers/STM32G4xx_HAL_Driver/Src/stm32g4xx_hal_uart.o
                0x0800bb16                HAL_UART_Transmit
 *fill*         0x0800bc32        0x2 
 .text.HAL_UART_Receive_DMA
                0x0800bc34       0x98 ./Drivers/STM32G4xx_HAL_Driver/Src/stm32g4xx_hal_uart.o
                0x0800bc34                HAL_UART_Receive_DMA
 .text.HAL_UART_RxCpltCallback
                0x0800bccc       0x14 ./Drivers/STM32G4xx_HAL_Driver/Src/stm32g4xx_hal_uart.o
                0x0800bccc                HAL_UART_RxCpltCallback
 .text.HAL_UART_RxHalfCpltCallback
                0x0800bce0       0x14 ./Drivers/STM32G4xx_HAL_Driver/Src/stm32g4xx_hal_uart.o
                0x0800bce0                HAL_UART_RxHalfCpltCallback
 .text.HAL_UART_ErrorCallback
                0x0800bcf4       0x14 ./Drivers/STM32G4xx_HAL_Driver/Src/stm32g4xx_hal_uart.o
                0x0800bcf4                HAL_UART_ErrorCallback
 .text.HAL_UARTEx_RxEventCallback
                0x0800bd08       0x18 ./Drivers/STM32G4xx_HAL_Driver/Src/stm32g4xx_hal_uart.o
                0x0800bd08                HAL_UARTEx_RxEventCallback
 .text.HAL_LIN_SendBreak
                0x0800bd20       0x54 ./Drivers/STM32G4xx_HAL_Driver/Src/stm32g4xx_hal_uart.o
                0x0800bd20                HAL_LIN_SendBreak
 .text.UART_SetConfig
                0x0800bd74      0x598 ./Drivers/STM32G4xx_HAL_Driver/Src/stm32g4xx_hal_uart.o
                0x0800bd74                UART_SetConfig
 .text.UART_AdvFeatureConfig
                0x0800c30c      0x144 ./Drivers/STM32G4xx_HAL_Driver/Src/stm32g4xx_hal_uart.o
                0x0800c30c                UART_AdvFeatureConfig
 .text.UART_CheckIdleState
                0x0800c450      0x154 ./Drivers/STM32G4xx_HAL_Driver/Src/stm32g4xx_hal_uart.o
                0x0800c450                UART_CheckIdleState
 .text.UART_WaitOnFlagUntilTimeout
                0x0800c5a4       0xda ./Drivers/STM32G4xx_HAL_Driver/Src/stm32g4xx_hal_uart.o
                0x0800c5a4                UART_WaitOnFlagUntilTimeout
 *fill*         0x0800c67e        0x2 
 .text.UART_Start_Receive_DMA
                0x0800c680      0x14c ./Drivers/STM32G4xx_HAL_Driver/Src/stm32g4xx_hal_uart.o
                0x0800c680                UART_Start_Receive_DMA
 .text.UART_EndTxTransfer
                0x0800c7cc       0x82 ./Drivers/STM32G4xx_HAL_Driver/Src/stm32g4xx_hal_uart.o
 .text.UART_EndRxTransfer
                0x0800c84e       0xcc ./Drivers/STM32G4xx_HAL_Driver/Src/stm32g4xx_hal_uart.o
 .text.UART_DMAReceiveCplt
                0x0800c91a      0x12c ./Drivers/STM32G4xx_HAL_Driver/Src/stm32g4xx_hal_uart.o
 .text.UART_DMARxHalfCplt
                0x0800ca46       0x3e ./Drivers/STM32G4xx_HAL_Driver/Src/stm32g4xx_hal_uart.o
 .text.UART_DMAError
                0x0800ca84       0x80 ./Drivers/STM32G4xx_HAL_Driver/Src/stm32g4xx_hal_uart.o
 .text.HAL_RS485Ex_Init
                0x0800cb04       0xd2 ./Drivers/STM32G4xx_HAL_Driver/Src/stm32g4xx_hal_uart_ex.o
                0x0800cb04                HAL_RS485Ex_Init
 .text.HAL_UARTEx_DisableFifoMode
                0x0800cbd6       0x72 ./Drivers/STM32G4xx_HAL_Driver/Src/stm32g4xx_hal_uart_ex.o
                0x0800cbd6                HAL_UARTEx_DisableFifoMode
 .text.HAL_UARTEx_SetTxFifoThreshold
                0x0800cc48       0x7c ./Drivers/STM32G4xx_HAL_Driver/Src/stm32g4xx_hal_uart_ex.o
                0x0800cc48                HAL_UARTEx_SetTxFifoThreshold
 .text.HAL_UARTEx_SetRxFifoThreshold
                0x0800ccc4       0x7c ./Drivers/STM32G4xx_HAL_Driver/Src/stm32g4xx_hal_uart_ex.o
                0x0800ccc4                HAL_UARTEx_SetRxFifoThreshold
 .text.UARTEx_SetNbDataToProcess
                0x0800cd40       0x9c ./Drivers/STM32G4xx_HAL_Driver/Src/stm32g4xx_hal_uart_ex.o
 .text.__assert_func
                0x0800cddc       0x3c D:/ST/STM32CubeIDE_1.17.0/STM32CubeIDE/plugins/com.st.stm32cube.ide.mcu.externaltools.gnu-tools-for-stm32.12.3.rel1.win32_1.1.0.202410251130/tools/bin/../lib/gcc/arm-none-eabi/12.3.1/../../../../arm-none-eabi/lib/thumb/v7e-m+fp/hard\libc_nano.a(libc_a-assert.o)
                0x0800cddc                __assert_func
 .text.sulp     0x0800ce18       0x3c D:/ST/STM32CubeIDE_1.17.0/STM32CubeIDE/plugins/com.st.stm32cube.ide.mcu.externaltools.gnu-tools-for-stm32.12.3.rel1.win32_1.1.0.202410251130/tools/bin/../lib/gcc/arm-none-eabi/12.3.1/../../../../arm-none-eabi/lib/thumb/v7e-m+fp/hard\libc_nano.a(libc_a-strtod.o)
 *fill*         0x0800ce54        0x4 
 .text._strtod_l
                0x0800ce58      0xbc8 D:/ST/STM32CubeIDE_1.17.0/STM32CubeIDE/plugins/com.st.stm32cube.ide.mcu.externaltools.gnu-tools-for-stm32.12.3.rel1.win32_1.1.0.202410251130/tools/bin/../lib/gcc/arm-none-eabi/12.3.1/../../../../arm-none-eabi/lib/thumb/v7e-m+fp/hard\libc_nano.a(libc_a-strtod.o)
                0x0800ce58                _strtod_l
 .text.strtof   0x0800da20       0xc8 D:/ST/STM32CubeIDE_1.17.0/STM32CubeIDE/plugins/com.st.stm32cube.ide.mcu.externaltools.gnu-tools-for-stm32.12.3.rel1.win32_1.1.0.202410251130/tools/bin/../lib/gcc/arm-none-eabi/12.3.1/../../../../arm-none-eabi/lib/thumb/v7e-m+fp/hard\libc_nano.a(libc_a-strtod.o)
                0x0800da20                strtof
 .text._strtoul_l.constprop.0
                0x0800dae8       0xdc D:/ST/STM32CubeIDE_1.17.0/STM32CubeIDE/plugins/com.st.stm32cube.ide.mcu.externaltools.gnu-tools-for-stm32.12.3.rel1.win32_1.1.0.202410251130/tools/bin/../lib/gcc/arm-none-eabi/12.3.1/../../../../arm-none-eabi/lib/thumb/v7e-m+fp/hard\libc_nano.a(libc_a-strtoul.o)
 .text.strtoul  0x0800dbc4       0x14 D:/ST/STM32CubeIDE_1.17.0/STM32CubeIDE/plugins/com.st.stm32cube.ide.mcu.externaltools.gnu-tools-for-stm32.12.3.rel1.win32_1.1.0.202410251130/tools/bin/../lib/gcc/arm-none-eabi/12.3.1/../../../../arm-none-eabi/lib/thumb/v7e-m+fp/hard\libc_nano.a(libc_a-strtoul.o)
                0x0800dbc4                strtoul
 .text.__cvt    0x0800dbd8       0xca D:/ST/STM32CubeIDE_1.17.0/STM32CubeIDE/plugins/com.st.stm32cube.ide.mcu.externaltools.gnu-tools-for-stm32.12.3.rel1.win32_1.1.0.202410251130/tools/bin/../lib/gcc/arm-none-eabi/12.3.1/../../../../arm-none-eabi/lib/thumb/v7e-m+fp/hard\libc_nano.a(libc_a-nano-vfprintf_float.o)
                0x0800dbd8                __cvt
 .text.__exponent
                0x0800dca2       0x74 D:/ST/STM32CubeIDE_1.17.0/STM32CubeIDE/plugins/com.st.stm32cube.ide.mcu.externaltools.gnu-tools-for-stm32.12.3.rel1.win32_1.1.0.202410251130/tools/bin/../lib/gcc/arm-none-eabi/12.3.1/../../../../arm-none-eabi/lib/thumb/v7e-m+fp/hard\libc_nano.a(libc_a-nano-vfprintf_float.o)
                0x0800dca2                __exponent
 *fill*         0x0800dd16        0x2 
 .text._printf_float
                0x0800dd18      0x454 D:/ST/STM32CubeIDE_1.17.0/STM32CubeIDE/plugins/com.st.stm32cube.ide.mcu.externaltools.gnu-tools-for-stm32.12.3.rel1.win32_1.1.0.202410251130/tools/bin/../lib/gcc/arm-none-eabi/12.3.1/../../../../arm-none-eabi/lib/thumb/v7e-m+fp/hard\libc_nano.a(libc_a-nano-vfprintf_float.o)
                0x0800dd18                _printf_float
 .text._printf_common
                0x0800e16c       0xda D:/ST/STM32CubeIDE_1.17.0/STM32CubeIDE/plugins/com.st.stm32cube.ide.mcu.externaltools.gnu-tools-for-stm32.12.3.rel1.win32_1.1.0.202410251130/tools/bin/../lib/gcc/arm-none-eabi/12.3.1/../../../../arm-none-eabi/lib/thumb/v7e-m+fp/hard\libc_nano.a(libc_a-nano-vfprintf_i.o)
                0x0800e16c                _printf_common
 *fill*         0x0800e246        0x2 
 .text._printf_i
                0x0800e248      0x240 D:/ST/STM32CubeIDE_1.17.0/STM32CubeIDE/plugins/com.st.stm32cube.ide.mcu.externaltools.gnu-tools-for-stm32.12.3.rel1.win32_1.1.0.202410251130/tools/bin/../lib/gcc/arm-none-eabi/12.3.1/../../../../arm-none-eabi/lib/thumb/v7e-m+fp/hard\libc_nano.a(libc_a-nano-vfprintf_i.o)
                0x0800e248                _printf_i
 .text.std      0x0800e488       0x6c D:/ST/STM32CubeIDE_1.17.0/STM32CubeIDE/plugins/com.st.stm32cube.ide.mcu.externaltools.gnu-tools-for-stm32.12.3.rel1.win32_1.1.0.202410251130/tools/bin/../lib/gcc/arm-none-eabi/12.3.1/../../../../arm-none-eabi/lib/thumb/v7e-m+fp/hard\libc_nano.a(libc_a-findfp.o)
 .text.stdio_exit_handler
                0x0800e4f4       0x18 D:/ST/STM32CubeIDE_1.17.0/STM32CubeIDE/plugins/com.st.stm32cube.ide.mcu.externaltools.gnu-tools-for-stm32.12.3.rel1.win32_1.1.0.202410251130/tools/bin/../lib/gcc/arm-none-eabi/12.3.1/../../../../arm-none-eabi/lib/thumb/v7e-m+fp/hard\libc_nano.a(libc_a-findfp.o)
 .text.cleanup_stdio
                0x0800e50c       0x40 D:/ST/STM32CubeIDE_1.17.0/STM32CubeIDE/plugins/com.st.stm32cube.ide.mcu.externaltools.gnu-tools-for-stm32.12.3.rel1.win32_1.1.0.202410251130/tools/bin/../lib/gcc/arm-none-eabi/12.3.1/../../../../arm-none-eabi/lib/thumb/v7e-m+fp/hard\libc_nano.a(libc_a-findfp.o)
 .text.global_stdio_init.part.0
                0x0800e54c       0x3c D:/ST/STM32CubeIDE_1.17.0/STM32CubeIDE/plugins/com.st.stm32cube.ide.mcu.externaltools.gnu-tools-for-stm32.12.3.rel1.win32_1.1.0.202410251130/tools/bin/../lib/gcc/arm-none-eabi/12.3.1/../../../../arm-none-eabi/lib/thumb/v7e-m+fp/hard\libc_nano.a(libc_a-findfp.o)
 .text.__sfp_lock_acquire
                0x0800e588        0xc D:/ST/STM32CubeIDE_1.17.0/STM32CubeIDE/plugins/com.st.stm32cube.ide.mcu.externaltools.gnu-tools-for-stm32.12.3.rel1.win32_1.1.0.202410251130/tools/bin/../lib/gcc/arm-none-eabi/12.3.1/../../../../arm-none-eabi/lib/thumb/v7e-m+fp/hard\libc_nano.a(libc_a-findfp.o)
                0x0800e588                __sfp_lock_acquire
 .text.__sfp_lock_release
                0x0800e594        0xc D:/ST/STM32CubeIDE_1.17.0/STM32CubeIDE/plugins/com.st.stm32cube.ide.mcu.externaltools.gnu-tools-for-stm32.12.3.rel1.win32_1.1.0.202410251130/tools/bin/../lib/gcc/arm-none-eabi/12.3.1/../../../../arm-none-eabi/lib/thumb/v7e-m+fp/hard\libc_nano.a(libc_a-findfp.o)
                0x0800e594                __sfp_lock_release
 .text.__sinit  0x0800e5a0       0x30 D:/ST/STM32CubeIDE_1.17.0/STM32CubeIDE/plugins/com.st.stm32cube.ide.mcu.externaltools.gnu-tools-for-stm32.12.3.rel1.win32_1.1.0.202410251130/tools/bin/../lib/gcc/arm-none-eabi/12.3.1/../../../../arm-none-eabi/lib/thumb/v7e-m+fp/hard\libc_nano.a(libc_a-findfp.o)
                0x0800e5a0                __sinit
 .text.fprintf  0x0800e5d0       0x24 D:/ST/STM32CubeIDE_1.17.0/STM32CubeIDE/plugins/com.st.stm32cube.ide.mcu.externaltools.gnu-tools-for-stm32.12.3.rel1.win32_1.1.0.202410251130/tools/bin/../lib/gcc/arm-none-eabi/12.3.1/../../../../arm-none-eabi/lib/thumb/v7e-m+fp/hard\libc_nano.a(libc_a-fprintf.o)
                0x0800e5d0                fiprintf
                0x0800e5d0                fprintf
 .text._fwalk_sglue
                0x0800e5f4       0x3c D:/ST/STM32CubeIDE_1.17.0/STM32CubeIDE/plugins/com.st.stm32cube.ide.mcu.externaltools.gnu-tools-for-stm32.12.3.rel1.win32_1.1.0.202410251130/tools/bin/../lib/gcc/arm-none-eabi/12.3.1/../../../../arm-none-eabi/lib/thumb/v7e-m+fp/hard\libc_nano.a(libc_a-fwalk.o)
                0x0800e5f4                _fwalk_sglue
 .text.snprintf
                0x0800e630       0x68 D:/ST/STM32CubeIDE_1.17.0/STM32CubeIDE/plugins/com.st.stm32cube.ide.mcu.externaltools.gnu-tools-for-stm32.12.3.rel1.win32_1.1.0.202410251130/tools/bin/../lib/gcc/arm-none-eabi/12.3.1/../../../../arm-none-eabi/lib/thumb/v7e-m+fp/hard\libc_nano.a(libc_a-snprintf.o)
                0x0800e630                sniprintf
                0x0800e630                snprintf
 .text.__sread  0x0800e698       0x22 D:/ST/STM32CubeIDE_1.17.0/STM32CubeIDE/plugins/com.st.stm32cube.ide.mcu.externaltools.gnu-tools-for-stm32.12.3.rel1.win32_1.1.0.202410251130/tools/bin/../lib/gcc/arm-none-eabi/12.3.1/../../../../arm-none-eabi/lib/thumb/v7e-m+fp/hard\libc_nano.a(libc_a-stdio.o)
                0x0800e698                __sread
 .text.__swrite
                0x0800e6ba       0x38 D:/ST/STM32CubeIDE_1.17.0/STM32CubeIDE/plugins/com.st.stm32cube.ide.mcu.externaltools.gnu-tools-for-stm32.12.3.rel1.win32_1.1.0.202410251130/tools/bin/../lib/gcc/arm-none-eabi/12.3.1/../../../../arm-none-eabi/lib/thumb/v7e-m+fp/hard\libc_nano.a(libc_a-stdio.o)
                0x0800e6ba                __swrite
 .text.__sseek  0x0800e6f2       0x24 D:/ST/STM32CubeIDE_1.17.0/STM32CubeIDE/plugins/com.st.stm32cube.ide.mcu.externaltools.gnu-tools-for-stm32.12.3.rel1.win32_1.1.0.202410251130/tools/bin/../lib/gcc/arm-none-eabi/12.3.1/../../../../arm-none-eabi/lib/thumb/v7e-m+fp/hard\libc_nano.a(libc_a-stdio.o)
                0x0800e6f2                __sseek
 .text.__sclose
                0x0800e716        0x8 D:/ST/STM32CubeIDE_1.17.0/STM32CubeIDE/plugins/com.st.stm32cube.ide.mcu.externaltools.gnu-tools-for-stm32.12.3.rel1.win32_1.1.0.202410251130/tools/bin/../lib/gcc/arm-none-eabi/12.3.1/../../../../arm-none-eabi/lib/thumb/v7e-m+fp/hard\libc_nano.a(libc_a-stdio.o)
                0x0800e716                __sclose
 .text._vsnprintf_r
                0x0800e71e       0x56 D:/ST/STM32CubeIDE_1.17.0/STM32CubeIDE/plugins/com.st.stm32cube.ide.mcu.externaltools.gnu-tools-for-stm32.12.3.rel1.win32_1.1.0.202410251130/tools/bin/../lib/gcc/arm-none-eabi/12.3.1/../../../../arm-none-eabi/lib/thumb/v7e-m+fp/hard\libc_nano.a(libc_a-vsnprintf.o)
                0x0800e71e                _vsniprintf_r
                0x0800e71e                _vsnprintf_r
 .text.vsnprintf
                0x0800e774       0x1c D:/ST/STM32CubeIDE_1.17.0/STM32CubeIDE/plugins/com.st.stm32cube.ide.mcu.externaltools.gnu-tools-for-stm32.12.3.rel1.win32_1.1.0.202410251130/tools/bin/../lib/gcc/arm-none-eabi/12.3.1/../../../../arm-none-eabi/lib/thumb/v7e-m+fp/hard\libc_nano.a(libc_a-vsnprintf.o)
                0x0800e774                vsniprintf
                0x0800e774                vsnprintf
 .text.memset   0x0800e790       0x10 D:/ST/STM32CubeIDE_1.17.0/STM32CubeIDE/plugins/com.st.stm32cube.ide.mcu.externaltools.gnu-tools-for-stm32.12.3.rel1.win32_1.1.0.202410251130/tools/bin/../lib/gcc/arm-none-eabi/12.3.1/../../../../arm-none-eabi/lib/thumb/v7e-m+fp/hard\libc_nano.a(libc_a-memset.o)
                0x0800e790                memset
 .text.strncmp  0x0800e7a0       0x24 D:/ST/STM32CubeIDE_1.17.0/STM32CubeIDE/plugins/com.st.stm32cube.ide.mcu.externaltools.gnu-tools-for-stm32.12.3.rel1.win32_1.1.0.202410251130/tools/bin/../lib/gcc/arm-none-eabi/12.3.1/../../../../arm-none-eabi/lib/thumb/v7e-m+fp/hard\libc_nano.a(libc_a-strncmp.o)
                0x0800e7a0                strncmp
 .text.__strtok_r
                0x0800e7c4       0x50 D:/ST/STM32CubeIDE_1.17.0/STM32CubeIDE/plugins/com.st.stm32cube.ide.mcu.externaltools.gnu-tools-for-stm32.12.3.rel1.win32_1.1.0.202410251130/tools/bin/../lib/gcc/arm-none-eabi/12.3.1/../../../../arm-none-eabi/lib/thumb/v7e-m+fp/hard\libc_nano.a(libc_a-strtok_r.o)
                0x0800e7c4                __strtok_r
 .text.strtok_r
                0x0800e814        0x6 D:/ST/STM32CubeIDE_1.17.0/STM32CubeIDE/plugins/com.st.stm32cube.ide.mcu.externaltools.gnu-tools-for-stm32.12.3.rel1.win32_1.1.0.202410251130/tools/bin/../lib/gcc/arm-none-eabi/12.3.1/../../../../arm-none-eabi/lib/thumb/v7e-m+fp/hard\libc_nano.a(libc_a-strtok_r.o)
                0x0800e814                strtok_r
 *fill*         0x0800e81a        0x2 
 .text._localeconv_r
                0x0800e81c        0x8 D:/ST/STM32CubeIDE_1.17.0/STM32CubeIDE/plugins/com.st.stm32cube.ide.mcu.externaltools.gnu-tools-for-stm32.12.3.rel1.win32_1.1.0.202410251130/tools/bin/../lib/gcc/arm-none-eabi/12.3.1/../../../../arm-none-eabi/lib/thumb/v7e-m+fp/hard\libc_nano.a(libc_a-localeconv.o)
                0x0800e81c                _localeconv_r
 .text._close_r
                0x0800e824       0x20 D:/ST/STM32CubeIDE_1.17.0/STM32CubeIDE/plugins/com.st.stm32cube.ide.mcu.externaltools.gnu-tools-for-stm32.12.3.rel1.win32_1.1.0.202410251130/tools/bin/../lib/gcc/arm-none-eabi/12.3.1/../../../../arm-none-eabi/lib/thumb/v7e-m+fp/hard\libc_nano.a(libc_a-closer.o)
                0x0800e824                _close_r
 .text._lseek_r
                0x0800e844       0x24 D:/ST/STM32CubeIDE_1.17.0/STM32CubeIDE/plugins/com.st.stm32cube.ide.mcu.externaltools.gnu-tools-for-stm32.12.3.rel1.win32_1.1.0.202410251130/tools/bin/../lib/gcc/arm-none-eabi/12.3.1/../../../../arm-none-eabi/lib/thumb/v7e-m+fp/hard\libc_nano.a(libc_a-lseekr.o)
                0x0800e844                _lseek_r
 .text._read_r  0x0800e868       0x24 D:/ST/STM32CubeIDE_1.17.0/STM32CubeIDE/plugins/com.st.stm32cube.ide.mcu.externaltools.gnu-tools-for-stm32.12.3.rel1.win32_1.1.0.202410251130/tools/bin/../lib/gcc/arm-none-eabi/12.3.1/../../../../arm-none-eabi/lib/thumb/v7e-m+fp/hard\libc_nano.a(libc_a-readr.o)
                0x0800e868                _read_r
 .text._write_r
                0x0800e88c       0x24 D:/ST/STM32CubeIDE_1.17.0/STM32CubeIDE/plugins/com.st.stm32cube.ide.mcu.externaltools.gnu-tools-for-stm32.12.3.rel1.win32_1.1.0.202410251130/tools/bin/../lib/gcc/arm-none-eabi/12.3.1/../../../../arm-none-eabi/lib/thumb/v7e-m+fp/hard\libc_nano.a(libc_a-writer.o)
                0x0800e88c                _write_r
 .text.__errno  0x0800e8b0        0xc D:/ST/STM32CubeIDE_1.17.0/STM32CubeIDE/plugins/com.st.stm32cube.ide.mcu.externaltools.gnu-tools-for-stm32.12.3.rel1.win32_1.1.0.202410251130/tools/bin/../lib/gcc/arm-none-eabi/12.3.1/../../../../arm-none-eabi/lib/thumb/v7e-m+fp/hard\libc_nano.a(libc_a-errno.o)
                0x0800e8b0                __errno
 .text.__libc_init_array
                0x0800e8bc       0x48 D:/ST/STM32CubeIDE_1.17.0/STM32CubeIDE/plugins/com.st.stm32cube.ide.mcu.externaltools.gnu-tools-for-stm32.12.3.rel1.win32_1.1.0.202410251130/tools/bin/../lib/gcc/arm-none-eabi/12.3.1/../../../../arm-none-eabi/lib/thumb/v7e-m+fp/hard\libc_nano.a(libc_a-init.o)
                0x0800e8bc                __libc_init_array
 .text.__retarget_lock_init_recursive
                0x0800e904        0x2 D:/ST/STM32CubeIDE_1.17.0/STM32CubeIDE/plugins/com.st.stm32cube.ide.mcu.externaltools.gnu-tools-for-stm32.12.3.rel1.win32_1.1.0.202410251130/tools/bin/../lib/gcc/arm-none-eabi/12.3.1/../../../../arm-none-eabi/lib/thumb/v7e-m+fp/hard\libc_nano.a(libc_a-lock.o)
                0x0800e904                __retarget_lock_init_recursive
 .text.__retarget_lock_acquire_recursive
                0x0800e906        0x2 D:/ST/STM32CubeIDE_1.17.0/STM32CubeIDE/plugins/com.st.stm32cube.ide.mcu.externaltools.gnu-tools-for-stm32.12.3.rel1.win32_1.1.0.202410251130/tools/bin/../lib/gcc/arm-none-eabi/12.3.1/../../../../arm-none-eabi/lib/thumb/v7e-m+fp/hard\libc_nano.a(libc_a-lock.o)
                0x0800e906                __retarget_lock_acquire_recursive
 .text.__retarget_lock_release_recursive
                0x0800e908        0x2 D:/ST/STM32CubeIDE_1.17.0/STM32CubeIDE/plugins/com.st.stm32cube.ide.mcu.externaltools.gnu-tools-for-stm32.12.3.rel1.win32_1.1.0.202410251130/tools/bin/../lib/gcc/arm-none-eabi/12.3.1/../../../../arm-none-eabi/lib/thumb/v7e-m+fp/hard\libc_nano.a(libc_a-lock.o)
                0x0800e908                __retarget_lock_release_recursive
 .text.strcpy   0x0800e90a       0x10 D:/ST/STM32CubeIDE_1.17.0/STM32CubeIDE/plugins/com.st.stm32cube.ide.mcu.externaltools.gnu-tools-for-stm32.12.3.rel1.win32_1.1.0.202410251130/tools/bin/../lib/gcc/arm-none-eabi/12.3.1/../../../../arm-none-eabi/lib/thumb/v7e-m+fp/hard\libc_nano.a(libc_a-strcpy.o)
                0x0800e90a                strcpy
 .text.memcpy   0x0800e91a       0x1c D:/ST/STM32CubeIDE_1.17.0/STM32CubeIDE/plugins/com.st.stm32cube.ide.mcu.externaltools.gnu-tools-for-stm32.12.3.rel1.win32_1.1.0.202410251130/tools/bin/../lib/gcc/arm-none-eabi/12.3.1/../../../../arm-none-eabi/lib/thumb/v7e-m+fp/hard\libc_nano.a(libc_a-memcpy-stub.o)
                0x0800e91a                memcpy
 *fill*         0x0800e936        0x2 
 .text.nan      0x0800e938       0x10 D:/ST/STM32CubeIDE_1.17.0/STM32CubeIDE/plugins/com.st.stm32cube.ide.mcu.externaltools.gnu-tools-for-stm32.12.3.rel1.win32_1.1.0.202410251130/tools/bin/../lib/gcc/arm-none-eabi/12.3.1/../../../../arm-none-eabi/lib/thumb/v7e-m+fp/hard\libc_nano.a(libm_a-s_nan.o)
                0x0800e938                nan
 .text.nanf     0x0800e948        0xc D:/ST/STM32CubeIDE_1.17.0/STM32CubeIDE/plugins/com.st.stm32cube.ide.mcu.externaltools.gnu-tools-for-stm32.12.3.rel1.win32_1.1.0.202410251130/tools/bin/../lib/gcc/arm-none-eabi/12.3.1/../../../../arm-none-eabi/lib/thumb/v7e-m+fp/hard\libc_nano.a(libm_a-sf_nan.o)
                0x0800e948                nanf
 .text.abort    0x0800e954        0xe D:/ST/STM32CubeIDE_1.17.0/STM32CubeIDE/plugins/com.st.stm32cube.ide.mcu.externaltools.gnu-tools-for-stm32.12.3.rel1.win32_1.1.0.202410251130/tools/bin/../lib/gcc/arm-none-eabi/12.3.1/../../../../arm-none-eabi/lib/thumb/v7e-m+fp/hard\libc_nano.a(libc_a-abort.o)
                0x0800e954                abort
 .text.quorem   0x0800e962      0x110 D:/ST/STM32CubeIDE_1.17.0/STM32CubeIDE/plugins/com.st.stm32cube.ide.mcu.externaltools.gnu-tools-for-stm32.12.3.rel1.win32_1.1.0.202410251130/tools/bin/../lib/gcc/arm-none-eabi/12.3.1/../../../../arm-none-eabi/lib/thumb/v7e-m+fp/hard\libc_nano.a(libc_a-dtoa.o)
 *fill*         0x0800ea72        0x6 
 .text._dtoa_r  0x0800ea78      0xb88 D:/ST/STM32CubeIDE_1.17.0/STM32CubeIDE/plugins/com.st.stm32cube.ide.mcu.externaltools.gnu-tools-for-stm32.12.3.rel1.win32_1.1.0.202410251130/tools/bin/../lib/gcc/arm-none-eabi/12.3.1/../../../../arm-none-eabi/lib/thumb/v7e-m+fp/hard\libc_nano.a(libc_a-dtoa.o)
                0x0800ea78                _dtoa_r
 .text._free_r  0x0800f600       0x94 D:/ST/STM32CubeIDE_1.17.0/STM32CubeIDE/plugins/com.st.stm32cube.ide.mcu.externaltools.gnu-tools-for-stm32.12.3.rel1.win32_1.1.0.202410251130/tools/bin/../lib/gcc/arm-none-eabi/12.3.1/../../../../arm-none-eabi/lib/thumb/v7e-m+fp/hard\libc_nano.a(libc_a-freer.o)
                0x0800f600                _free_r
 .text.rshift   0x0800f694       0xa4 D:/ST/STM32CubeIDE_1.17.0/STM32CubeIDE/plugins/com.st.stm32cube.ide.mcu.externaltools.gnu-tools-for-stm32.12.3.rel1.win32_1.1.0.202410251130/tools/bin/../lib/gcc/arm-none-eabi/12.3.1/../../../../arm-none-eabi/lib/thumb/v7e-m+fp/hard\libc_nano.a(libc_a-gdtoa-gethex.o)
 .text.__hexdig_fun
                0x0800f738       0x2a D:/ST/STM32CubeIDE_1.17.0/STM32CubeIDE/plugins/com.st.stm32cube.ide.mcu.externaltools.gnu-tools-for-stm32.12.3.rel1.win32_1.1.0.202410251130/tools/bin/../lib/gcc/arm-none-eabi/12.3.1/../../../../arm-none-eabi/lib/thumb/v7e-m+fp/hard\libc_nano.a(libc_a-gdtoa-gethex.o)
                0x0800f738                __hexdig_fun
 *fill*         0x0800f762        0x2 
 .text.__gethex
                0x0800f764      0x420 D:/ST/STM32CubeIDE_1.17.0/STM32CubeIDE/plugins/com.st.stm32cube.ide.mcu.externaltools.gnu-tools-for-stm32.12.3.rel1.win32_1.1.0.202410251130/tools/bin/../lib/gcc/arm-none-eabi/12.3.1/../../../../arm-none-eabi/lib/thumb/v7e-m+fp/hard\libc_nano.a(libc_a-gdtoa-gethex.o)
                0x0800f764                __gethex
 .text.L_shift  0x0800fb84       0x24 D:/ST/STM32CubeIDE_1.17.0/STM32CubeIDE/plugins/com.st.stm32cube.ide.mcu.externaltools.gnu-tools-for-stm32.12.3.rel1.win32_1.1.0.202410251130/tools/bin/../lib/gcc/arm-none-eabi/12.3.1/../../../../arm-none-eabi/lib/thumb/v7e-m+fp/hard\libc_nano.a(libc_a-gdtoa-hexnan.o)
 .text.__match  0x0800fba8       0x28 D:/ST/STM32CubeIDE_1.17.0/STM32CubeIDE/plugins/com.st.stm32cube.ide.mcu.externaltools.gnu-tools-for-stm32.12.3.rel1.win32_1.1.0.202410251130/tools/bin/../lib/gcc/arm-none-eabi/12.3.1/../../../../arm-none-eabi/lib/thumb/v7e-m+fp/hard\libc_nano.a(libc_a-gdtoa-hexnan.o)
                0x0800fba8                __match
 .text.__hexnan
                0x0800fbd0      0x136 D:/ST/STM32CubeIDE_1.17.0/STM32CubeIDE/plugins/com.st.stm32cube.ide.mcu.externaltools.gnu-tools-for-stm32.12.3.rel1.win32_1.1.0.202410251130/tools/bin/../lib/gcc/arm-none-eabi/12.3.1/../../../../arm-none-eabi/lib/thumb/v7e-m+fp/hard\libc_nano.a(libc_a-gdtoa-hexnan.o)
                0x0800fbd0                __hexnan
 *fill*         0x0800fd06        0x2 
 .text.malloc   0x0800fd08       0x10 D:/ST/STM32CubeIDE_1.17.0/STM32CubeIDE/plugins/com.st.stm32cube.ide.mcu.externaltools.gnu-tools-for-stm32.12.3.rel1.win32_1.1.0.202410251130/tools/bin/../lib/gcc/arm-none-eabi/12.3.1/../../../../arm-none-eabi/lib/thumb/v7e-m+fp/hard\libc_nano.a(libc_a-malloc.o)
                0x0800fd08                malloc
 .text.sbrk_aligned
                0x0800fd18       0x44 D:/ST/STM32CubeIDE_1.17.0/STM32CubeIDE/plugins/com.st.stm32cube.ide.mcu.externaltools.gnu-tools-for-stm32.12.3.rel1.win32_1.1.0.202410251130/tools/bin/../lib/gcc/arm-none-eabi/12.3.1/../../../../arm-none-eabi/lib/thumb/v7e-m+fp/hard\libc_nano.a(libc_a-mallocr.o)
 .text._malloc_r
                0x0800fd5c      0x100 D:/ST/STM32CubeIDE_1.17.0/STM32CubeIDE/plugins/com.st.stm32cube.ide.mcu.externaltools.gnu-tools-for-stm32.12.3.rel1.win32_1.1.0.202410251130/tools/bin/../lib/gcc/arm-none-eabi/12.3.1/../../../../arm-none-eabi/lib/thumb/v7e-m+fp/hard\libc_nano.a(libc_a-mallocr.o)
                0x0800fd5c                _malloc_r
 .text.__ascii_mbtowc
                0x0800fe5c       0x24 D:/ST/STM32CubeIDE_1.17.0/STM32CubeIDE/plugins/com.st.stm32cube.ide.mcu.externaltools.gnu-tools-for-stm32.12.3.rel1.win32_1.1.0.202410251130/tools/bin/../lib/gcc/arm-none-eabi/12.3.1/../../../../arm-none-eabi/lib/thumb/v7e-m+fp/hard\libc_nano.a(libc_a-mbtowc_r.o)
                0x0800fe5c                __ascii_mbtowc
 .text.__malloc_lock
                0x0800fe80        0xc D:/ST/STM32CubeIDE_1.17.0/STM32CubeIDE/plugins/com.st.stm32cube.ide.mcu.externaltools.gnu-tools-for-stm32.12.3.rel1.win32_1.1.0.202410251130/tools/bin/../lib/gcc/arm-none-eabi/12.3.1/../../../../arm-none-eabi/lib/thumb/v7e-m+fp/hard\libc_nano.a(libc_a-mlock.o)
                0x0800fe80                __malloc_lock
 .text.__malloc_unlock
                0x0800fe8c        0xc D:/ST/STM32CubeIDE_1.17.0/STM32CubeIDE/plugins/com.st.stm32cube.ide.mcu.externaltools.gnu-tools-for-stm32.12.3.rel1.win32_1.1.0.202410251130/tools/bin/../lib/gcc/arm-none-eabi/12.3.1/../../../../arm-none-eabi/lib/thumb/v7e-m+fp/hard\libc_nano.a(libc_a-mlock.o)
                0x0800fe8c                __malloc_unlock
 .text._Balloc  0x0800fe98       0x80 D:/ST/STM32CubeIDE_1.17.0/STM32CubeIDE/plugins/com.st.stm32cube.ide.mcu.externaltools.gnu-tools-for-stm32.12.3.rel1.win32_1.1.0.202410251130/tools/bin/../lib/gcc/arm-none-eabi/12.3.1/../../../../arm-none-eabi/lib/thumb/v7e-m+fp/hard\libc_nano.a(libc_a-mprec.o)
                0x0800fe98                _Balloc
 .text._Bfree   0x0800ff18       0x44 D:/ST/STM32CubeIDE_1.17.0/STM32CubeIDE/plugins/com.st.stm32cube.ide.mcu.externaltools.gnu-tools-for-stm32.12.3.rel1.win32_1.1.0.202410251130/tools/bin/../lib/gcc/arm-none-eabi/12.3.1/../../../../arm-none-eabi/lib/thumb/v7e-m+fp/hard\libc_nano.a(libc_a-mprec.o)
                0x0800ff18                _Bfree
 .text.__multadd
                0x0800ff5c       0x8c D:/ST/STM32CubeIDE_1.17.0/STM32CubeIDE/plugins/com.st.stm32cube.ide.mcu.externaltools.gnu-tools-for-stm32.12.3.rel1.win32_1.1.0.202410251130/tools/bin/../lib/gcc/arm-none-eabi/12.3.1/../../../../arm-none-eabi/lib/thumb/v7e-m+fp/hard\libc_nano.a(libc_a-mprec.o)
                0x0800ff5c                __multadd
 .text.__s2b    0x0800ffe8       0x94 D:/ST/STM32CubeIDE_1.17.0/STM32CubeIDE/plugins/com.st.stm32cube.ide.mcu.externaltools.gnu-tools-for-stm32.12.3.rel1.win32_1.1.0.202410251130/tools/bin/../lib/gcc/arm-none-eabi/12.3.1/../../../../arm-none-eabi/lib/thumb/v7e-m+fp/hard\libc_nano.a(libc_a-mprec.o)
                0x0800ffe8                __s2b
 .text.__hi0bits
                0x0801007c       0x3e D:/ST/STM32CubeIDE_1.17.0/STM32CubeIDE/plugins/com.st.stm32cube.ide.mcu.externaltools.gnu-tools-for-stm32.12.3.rel1.win32_1.1.0.202410251130/tools/bin/../lib/gcc/arm-none-eabi/12.3.1/../../../../arm-none-eabi/lib/thumb/v7e-m+fp/hard\libc_nano.a(libc_a-mprec.o)
                0x0801007c                __hi0bits
 .text.__lo0bits
                0x080100ba       0x5a D:/ST/STM32CubeIDE_1.17.0/STM32CubeIDE/plugins/com.st.stm32cube.ide.mcu.externaltools.gnu-tools-for-stm32.12.3.rel1.win32_1.1.0.202410251130/tools/bin/../lib/gcc/arm-none-eabi/12.3.1/../../../../arm-none-eabi/lib/thumb/v7e-m+fp/hard\libc_nano.a(libc_a-mprec.o)
                0x080100ba                __lo0bits
 .text.__i2b    0x08010114       0x2c D:/ST/STM32CubeIDE_1.17.0/STM32CubeIDE/plugins/com.st.stm32cube.ide.mcu.externaltools.gnu-tools-for-stm32.12.3.rel1.win32_1.1.0.202410251130/tools/bin/../lib/gcc/arm-none-eabi/12.3.1/../../../../arm-none-eabi/lib/thumb/v7e-m+fp/hard\libc_nano.a(libc_a-mprec.o)
                0x08010114                __i2b
 .text.__multiply
                0x08010140      0x154 D:/ST/STM32CubeIDE_1.17.0/STM32CubeIDE/plugins/com.st.stm32cube.ide.mcu.externaltools.gnu-tools-for-stm32.12.3.rel1.win32_1.1.0.202410251130/tools/bin/../lib/gcc/arm-none-eabi/12.3.1/../../../../arm-none-eabi/lib/thumb/v7e-m+fp/hard\libc_nano.a(libc_a-mprec.o)
                0x08010140                __multiply
 .text.__pow5mult
                0x08010294       0xb4 D:/ST/STM32CubeIDE_1.17.0/STM32CubeIDE/plugins/com.st.stm32cube.ide.mcu.externaltools.gnu-tools-for-stm32.12.3.rel1.win32_1.1.0.202410251130/tools/bin/../lib/gcc/arm-none-eabi/12.3.1/../../../../arm-none-eabi/lib/thumb/v7e-m+fp/hard\libc_nano.a(libc_a-mprec.o)
                0x08010294                __pow5mult
 .text.__lshift
                0x08010348       0xd8 D:/ST/STM32CubeIDE_1.17.0/STM32CubeIDE/plugins/com.st.stm32cube.ide.mcu.externaltools.gnu-tools-for-stm32.12.3.rel1.win32_1.1.0.202410251130/tools/bin/../lib/gcc/arm-none-eabi/12.3.1/../../../../arm-none-eabi/lib/thumb/v7e-m+fp/hard\libc_nano.a(libc_a-mprec.o)
                0x08010348                __lshift
 .text.__mcmp   0x08010420       0x36 D:/ST/STM32CubeIDE_1.17.0/STM32CubeIDE/plugins/com.st.stm32cube.ide.mcu.externaltools.gnu-tools-for-stm32.12.3.rel1.win32_1.1.0.202410251130/tools/bin/../lib/gcc/arm-none-eabi/12.3.1/../../../../arm-none-eabi/lib/thumb/v7e-m+fp/hard\libc_nano.a(libc_a-mprec.o)
                0x08010420                __mcmp
 *fill*         0x08010456        0x2 
 .text.__mdiff  0x08010458      0x128 D:/ST/STM32CubeIDE_1.17.0/STM32CubeIDE/plugins/com.st.stm32cube.ide.mcu.externaltools.gnu-tools-for-stm32.12.3.rel1.win32_1.1.0.202410251130/tools/bin/../lib/gcc/arm-none-eabi/12.3.1/../../../../arm-none-eabi/lib/thumb/v7e-m+fp/hard\libc_nano.a(libc_a-mprec.o)
                0x08010458                __mdiff
 .text.__ulp    0x08010580       0x4c D:/ST/STM32CubeIDE_1.17.0/STM32CubeIDE/plugins/com.st.stm32cube.ide.mcu.externaltools.gnu-tools-for-stm32.12.3.rel1.win32_1.1.0.202410251130/tools/bin/../lib/gcc/arm-none-eabi/12.3.1/../../../../arm-none-eabi/lib/thumb/v7e-m+fp/hard\libc_nano.a(libc_a-mprec.o)
                0x08010580                __ulp
 .text.__b2d    0x080105cc       0x94 D:/ST/STM32CubeIDE_1.17.0/STM32CubeIDE/plugins/com.st.stm32cube.ide.mcu.externaltools.gnu-tools-for-stm32.12.3.rel1.win32_1.1.0.202410251130/tools/bin/../lib/gcc/arm-none-eabi/12.3.1/../../../../arm-none-eabi/lib/thumb/v7e-m+fp/hard\libc_nano.a(libc_a-mprec.o)
                0x080105cc                __b2d
 .text.__d2b    0x08010660       0xb0 D:/ST/STM32CubeIDE_1.17.0/STM32CubeIDE/plugins/com.st.stm32cube.ide.mcu.externaltools.gnu-tools-for-stm32.12.3.rel1.win32_1.1.0.202410251130/tools/bin/../lib/gcc/arm-none-eabi/12.3.1/../../../../arm-none-eabi/lib/thumb/v7e-m+fp/hard\libc_nano.a(libc_a-mprec.o)
                0x08010660                __d2b
 .text.__ratio  0x08010710       0x64 D:/ST/STM32CubeIDE_1.17.0/STM32CubeIDE/plugins/com.st.stm32cube.ide.mcu.externaltools.gnu-tools-for-stm32.12.3.rel1.win32_1.1.0.202410251130/tools/bin/../lib/gcc/arm-none-eabi/12.3.1/../../../../arm-none-eabi/lib/thumb/v7e-m+fp/hard\libc_nano.a(libc_a-mprec.o)
                0x08010710                __ratio
 .text.__copybits
                0x08010774       0x46 D:/ST/STM32CubeIDE_1.17.0/STM32CubeIDE/plugins/com.st.stm32cube.ide.mcu.externaltools.gnu-tools-for-stm32.12.3.rel1.win32_1.1.0.202410251130/tools/bin/../lib/gcc/arm-none-eabi/12.3.1/../../../../arm-none-eabi/lib/thumb/v7e-m+fp/hard\libc_nano.a(libc_a-mprec.o)
                0x08010774                __copybits
 .text.__any_on
                0x080107ba       0x42 D:/ST/STM32CubeIDE_1.17.0/STM32CubeIDE/plugins/com.st.stm32cube.ide.mcu.externaltools.gnu-tools-for-stm32.12.3.rel1.win32_1.1.0.202410251130/tools/bin/../lib/gcc/arm-none-eabi/12.3.1/../../../../arm-none-eabi/lib/thumb/v7e-m+fp/hard\libc_nano.a(libc_a-mprec.o)
                0x080107ba                __any_on
 .text.__ascii_wctomb
                0x080107fc       0x1a D:/ST/STM32CubeIDE_1.17.0/STM32CubeIDE/plugins/com.st.stm32cube.ide.mcu.externaltools.gnu-tools-for-stm32.12.3.rel1.win32_1.1.0.202410251130/tools/bin/../lib/gcc/arm-none-eabi/12.3.1/../../../../arm-none-eabi/lib/thumb/v7e-m+fp/hard\libc_nano.a(libc_a-wctomb_r.o)
                0x080107fc                __ascii_wctomb
 .text.__ssputs_r
                0x08010816       0xb6 D:/ST/STM32CubeIDE_1.17.0/STM32CubeIDE/plugins/com.st.stm32cube.ide.mcu.externaltools.gnu-tools-for-stm32.12.3.rel1.win32_1.1.0.202410251130/tools/bin/../lib/gcc/arm-none-eabi/12.3.1/../../../../arm-none-eabi/lib/thumb/v7e-m+fp/hard\libc_nano.a(libc_a-nano-svfprintf.o)
                0x08010816                __ssputs_r
 .text._svfprintf_r
                0x080108cc      0x1f8 D:/ST/STM32CubeIDE_1.17.0/STM32CubeIDE/plugins/com.st.stm32cube.ide.mcu.externaltools.gnu-tools-for-stm32.12.3.rel1.win32_1.1.0.202410251130/tools/bin/../lib/gcc/arm-none-eabi/12.3.1/../../../../arm-none-eabi/lib/thumb/v7e-m+fp/hard\libc_nano.a(libc_a-nano-svfprintf.o)
                0x080108cc                _svfiprintf_r
                0x080108cc                _svfprintf_r
 .text.__sfputc_r
                0x08010ac4       0x2e D:/ST/STM32CubeIDE_1.17.0/STM32CubeIDE/plugins/com.st.stm32cube.ide.mcu.externaltools.gnu-tools-for-stm32.12.3.rel1.win32_1.1.0.202410251130/tools/bin/../lib/gcc/arm-none-eabi/12.3.1/../../../../arm-none-eabi/lib/thumb/v7e-m+fp/hard\libc_nano.a(libc_a-nano-vfprintf.o)
 .text.__sfputs_r
                0x08010af2       0x24 D:/ST/STM32CubeIDE_1.17.0/STM32CubeIDE/plugins/com.st.stm32cube.ide.mcu.externaltools.gnu-tools-for-stm32.12.3.rel1.win32_1.1.0.202410251130/tools/bin/../lib/gcc/arm-none-eabi/12.3.1/../../../../arm-none-eabi/lib/thumb/v7e-m+fp/hard\libc_nano.a(libc_a-nano-vfprintf.o)
                0x08010af2                __sfputs_r
 *fill*         0x08010b16        0x2 
 .text._vfprintf_r
                0x08010b18      0x230 D:/ST/STM32CubeIDE_1.17.0/STM32CubeIDE/plugins/com.st.stm32cube.ide.mcu.externaltools.gnu-tools-for-stm32.12.3.rel1.win32_1.1.0.202410251130/tools/bin/../lib/gcc/arm-none-eabi/12.3.1/../../../../arm-none-eabi/lib/thumb/v7e-m+fp/hard\libc_nano.a(libc_a-nano-vfprintf.o)
                0x08010b18                _vfprintf_r
                0x08010b18                _vfiprintf_r
 .text.__sflush_r
                0x08010d48      0x108 D:/ST/STM32CubeIDE_1.17.0/STM32CubeIDE/plugins/com.st.stm32cube.ide.mcu.externaltools.gnu-tools-for-stm32.12.3.rel1.win32_1.1.0.202410251130/tools/bin/../lib/gcc/arm-none-eabi/12.3.1/../../../../arm-none-eabi/lib/thumb/v7e-m+fp/hard\libc_nano.a(libc_a-fflush.o)
                0x08010d48                __sflush_r
 .text._fflush_r
                0x08010e50       0x50 D:/ST/STM32CubeIDE_1.17.0/STM32CubeIDE/plugins/com.st.stm32cube.ide.mcu.externaltools.gnu-tools-for-stm32.12.3.rel1.win32_1.1.0.202410251130/tools/bin/../lib/gcc/arm-none-eabi/12.3.1/../../../../arm-none-eabi/lib/thumb/v7e-m+fp/hard\libc_nano.a(libc_a-fflush.o)
                0x08010e50                _fflush_r
 .text.__swbuf_r
                0x08010ea0       0x7c D:/ST/STM32CubeIDE_1.17.0/STM32CubeIDE/plugins/com.st.stm32cube.ide.mcu.externaltools.gnu-tools-for-stm32.12.3.rel1.win32_1.1.0.202410251130/tools/bin/../lib/gcc/arm-none-eabi/12.3.1/../../../../arm-none-eabi/lib/thumb/v7e-m+fp/hard\libc_nano.a(libc_a-wbuf.o)
                0x08010ea0                __swbuf_r
 .text.__swsetup_r
                0x08010f1c       0xac D:/ST/STM32CubeIDE_1.17.0/STM32CubeIDE/plugins/com.st.stm32cube.ide.mcu.externaltools.gnu-tools-for-stm32.12.3.rel1.win32_1.1.0.202410251130/tools/bin/../lib/gcc/arm-none-eabi/12.3.1/../../../../arm-none-eabi/lib/thumb/v7e-m+fp/hard\libc_nano.a(libc_a-wsetup.o)
                0x08010f1c                __swsetup_r
 .text.memmove  0x08010fc8       0x34 D:/ST/STM32CubeIDE_1.17.0/STM32CubeIDE/plugins/com.st.stm32cube.ide.mcu.externaltools.gnu-tools-for-stm32.12.3.rel1.win32_1.1.0.202410251130/tools/bin/../lib/gcc/arm-none-eabi/12.3.1/../../../../arm-none-eabi/lib/thumb/v7e-m+fp/hard\libc_nano.a(libc_a-memmove.o)
                0x08010fc8                memmove
 .text._raise_r
                0x08010ffc       0x50 D:/ST/STM32CubeIDE_1.17.0/STM32CubeIDE/plugins/com.st.stm32cube.ide.mcu.externaltools.gnu-tools-for-stm32.12.3.rel1.win32_1.1.0.202410251130/tools/bin/../lib/gcc/arm-none-eabi/12.3.1/../../../../arm-none-eabi/lib/thumb/v7e-m+fp/hard\libc_nano.a(libc_a-signal.o)
                0x08010ffc                _raise_r
 .text.raise    0x0801104c       0x10 D:/ST/STM32CubeIDE_1.17.0/STM32CubeIDE/plugins/com.st.stm32cube.ide.mcu.externaltools.gnu-tools-for-stm32.12.3.rel1.win32_1.1.0.202410251130/tools/bin/../lib/gcc/arm-none-eabi/12.3.1/../../../../arm-none-eabi/lib/thumb/v7e-m+fp/hard\libc_nano.a(libc_a-signal.o)
                0x0801104c                raise
 .text._kill_r  0x0801105c       0x24 D:/ST/STM32CubeIDE_1.17.0/STM32CubeIDE/plugins/com.st.stm32cube.ide.mcu.externaltools.gnu-tools-for-stm32.12.3.rel1.win32_1.1.0.202410251130/tools/bin/../lib/gcc/arm-none-eabi/12.3.1/../../../../arm-none-eabi/lib/thumb/v7e-m+fp/hard\libc_nano.a(libc_a-signalr.o)
                0x0801105c                _kill_r
 .text._getpid_r
                0x08011080        0x4 D:/ST/STM32CubeIDE_1.17.0/STM32CubeIDE/plugins/com.st.stm32cube.ide.mcu.externaltools.gnu-tools-for-stm32.12.3.rel1.win32_1.1.0.202410251130/tools/bin/../lib/gcc/arm-none-eabi/12.3.1/../../../../arm-none-eabi/lib/thumb/v7e-m+fp/hard\libc_nano.a(libc_a-signalr.o)
                0x08011080                _getpid_r
 .text._sbrk_r  0x08011084       0x20 D:/ST/STM32CubeIDE_1.17.0/STM32CubeIDE/plugins/com.st.stm32cube.ide.mcu.externaltools.gnu-tools-for-stm32.12.3.rel1.win32_1.1.0.202410251130/tools/bin/../lib/gcc/arm-none-eabi/12.3.1/../../../../arm-none-eabi/lib/thumb/v7e-m+fp/hard\libc_nano.a(libc_a-sbrkr.o)
                0x08011084                _sbrk_r
 .text._calloc_r
                0x080110a4       0x28 D:/ST/STM32CubeIDE_1.17.0/STM32CubeIDE/plugins/com.st.stm32cube.ide.mcu.externaltools.gnu-tools-for-stm32.12.3.rel1.win32_1.1.0.202410251130/tools/bin/../lib/gcc/arm-none-eabi/12.3.1/../../../../arm-none-eabi/lib/thumb/v7e-m+fp/hard\libc_nano.a(libc_a-callocr.o)
                0x080110a4                _calloc_r
 .text._realloc_r
                0x080110cc       0x5c D:/ST/STM32CubeIDE_1.17.0/STM32CubeIDE/plugins/com.st.stm32cube.ide.mcu.externaltools.gnu-tools-for-stm32.12.3.rel1.win32_1.1.0.202410251130/tools/bin/../lib/gcc/arm-none-eabi/12.3.1/../../../../arm-none-eabi/lib/thumb/v7e-m+fp/hard\libc_nano.a(libc_a-reallocr.o)
                0x080110cc                _realloc_r
 .text.__swhatbuf_r
                0x08011128       0x4c D:/ST/STM32CubeIDE_1.17.0/STM32CubeIDE/plugins/com.st.stm32cube.ide.mcu.externaltools.gnu-tools-for-stm32.12.3.rel1.win32_1.1.0.202410251130/tools/bin/../lib/gcc/arm-none-eabi/12.3.1/../../../../arm-none-eabi/lib/thumb/v7e-m+fp/hard\libc_nano.a(libc_a-makebuf.o)
                0x08011128                __swhatbuf_r
 .text.__smakebuf_r
                0x08011174       0x78 D:/ST/STM32CubeIDE_1.17.0/STM32CubeIDE/plugins/com.st.stm32cube.ide.mcu.externaltools.gnu-tools-for-stm32.12.3.rel1.win32_1.1.0.202410251130/tools/bin/../lib/gcc/arm-none-eabi/12.3.1/../../../../arm-none-eabi/lib/thumb/v7e-m+fp/hard\libc_nano.a(libc_a-makebuf.o)
                0x08011174                __smakebuf_r
 .text._fstat_r
                0x080111ec       0x24 D:/ST/STM32CubeIDE_1.17.0/STM32CubeIDE/plugins/com.st.stm32cube.ide.mcu.externaltools.gnu-tools-for-stm32.12.3.rel1.win32_1.1.0.202410251130/tools/bin/../lib/gcc/arm-none-eabi/12.3.1/../../../../arm-none-eabi/lib/thumb/v7e-m+fp/hard\libc_nano.a(libc_a-fstatr.o)
                0x080111ec                _fstat_r
 .text._isatty_r
                0x08011210       0x20 D:/ST/STM32CubeIDE_1.17.0/STM32CubeIDE/plugins/com.st.stm32cube.ide.mcu.externaltools.gnu-tools-for-stm32.12.3.rel1.win32_1.1.0.202410251130/tools/bin/../lib/gcc/arm-none-eabi/12.3.1/../../../../arm-none-eabi/lib/thumb/v7e-m+fp/hard\libc_nano.a(libc_a-isattyr.o)
                0x08011210                _isatty_r
 .text._malloc_usable_size_r
                0x08011230       0x10 D:/ST/STM32CubeIDE_1.17.0/STM32CubeIDE/plugins/com.st.stm32cube.ide.mcu.externaltools.gnu-tools-for-stm32.12.3.rel1.win32_1.1.0.202410251130/tools/bin/../lib/gcc/arm-none-eabi/12.3.1/../../../../arm-none-eabi/lib/thumb/v7e-m+fp/hard\libc_nano.a(libc_a-msizer.o)
                0x08011230                _malloc_usable_size_r
 .text.asinf    0x08011240       0x58 D:/ST/STM32CubeIDE_1.17.0/STM32CubeIDE/plugins/com.st.stm32cube.ide.mcu.externaltools.gnu-tools-for-stm32.12.3.rel1.win32_1.1.0.202410251130/tools/bin/../lib/gcc/arm-none-eabi/12.3.1/../../../../arm-none-eabi/lib/thumb/v7e-m+fp/hard\libm.a(libm_a-wf_asin.o)
                0x08011240                asinf
 .text.atan2f   0x08011298        0x4 D:/ST/STM32CubeIDE_1.17.0/STM32CubeIDE/plugins/com.st.stm32cube.ide.mcu.externaltools.gnu-tools-for-stm32.12.3.rel1.win32_1.1.0.202410251130/tools/bin/../lib/gcc/arm-none-eabi/12.3.1/../../../../arm-none-eabi/lib/thumb/v7e-m+fp/hard\libm.a(libm_a-wf_atan2.o)
                0x08011298                atan2f
 .text.fabsf    0x0801129c        0xe D:/ST/STM32CubeIDE_1.17.0/STM32CubeIDE/plugins/com.st.stm32cube.ide.mcu.externaltools.gnu-tools-for-stm32.12.3.rel1.win32_1.1.0.202410251130/tools/bin/../lib/gcc/arm-none-eabi/12.3.1/../../../../arm-none-eabi/lib/thumb/v7e-m+fp/hard\libm.a(libm_a-sf_fabs.o)
                0x0801129c                fabsf
 *fill*         0x080112aa        0x2 
 .text.__ieee754_asinf
                0x080112ac      0x1cc D:/ST/STM32CubeIDE_1.17.0/STM32CubeIDE/plugins/com.st.stm32cube.ide.mcu.externaltools.gnu-tools-for-stm32.12.3.rel1.win32_1.1.0.202410251130/tools/bin/../lib/gcc/arm-none-eabi/12.3.1/../../../../arm-none-eabi/lib/thumb/v7e-m+fp/hard\libm.a(libm_a-ef_asin.o)
                0x080112ac                __ieee754_asinf
 .text.__ieee754_atan2f
                0x08011478      0x140 D:/ST/STM32CubeIDE_1.17.0/STM32CubeIDE/plugins/com.st.stm32cube.ide.mcu.externaltools.gnu-tools-for-stm32.12.3.rel1.win32_1.1.0.202410251130/tools/bin/../lib/gcc/arm-none-eabi/12.3.1/../../../../arm-none-eabi/lib/thumb/v7e-m+fp/hard\libm.a(libm_a-ef_atan2.o)
                0x08011478                __ieee754_atan2f
 .text.atanf    0x080115b8      0x1a8 D:/ST/STM32CubeIDE_1.17.0/STM32CubeIDE/plugins/com.st.stm32cube.ide.mcu.externaltools.gnu-tools-for-stm32.12.3.rel1.win32_1.1.0.202410251130/tools/bin/../lib/gcc/arm-none-eabi/12.3.1/../../../../arm-none-eabi/lib/thumb/v7e-m+fp/hard\libm.a(libm_a-sf_atan.o)
                0x080115b8                atanf
 .text.__ieee754_sqrtf
                0x08011760        0x6 D:/ST/STM32CubeIDE_1.17.0/STM32CubeIDE/plugins/com.st.stm32cube.ide.mcu.externaltools.gnu-tools-for-stm32.12.3.rel1.win32_1.1.0.202410251130/tools/bin/../lib/gcc/arm-none-eabi/12.3.1/../../../../arm-none-eabi/lib/thumb/v7e-m+fp/hard\libm.a(libm_a-ef_sqrt.o)
                0x08011760                __ieee754_sqrtf
 *(.glue_7)
 .glue_7        0x08011766        0x0 linker stubs
 *(.glue_7t)
 .glue_7t       0x08011766        0x0 linker stubs
 *(.eh_frame)
 *fill*         0x08011766        0x2 
 .eh_frame      0x08011768        0x0 D:/ST/STM32CubeIDE_1.17.0/STM32CubeIDE/plugins/com.st.stm32cube.ide.mcu.externaltools.gnu-tools-for-stm32.12.3.rel1.win32_1.1.0.202410251130/tools/bin/../lib/gcc/arm-none-eabi/12.3.1/thumb/v7e-m+fp/hard/crtbegin.o
 *(.init)