../App/ap/balance/balance.c:33:6:balanceInit	24	static
../App/ap/balance/balance.c:72:6:balanceUpdate	8	static
../App/ap/balance/balance.c:83:6:balanceController	48	static
../App/ap/balance/balance.c:132:16:balanceGetPidGain	24	static
../App/ap/balance/balance.c:137:12:getPIDdata	104	static
../App/ap/balance/balance.c:152:6:setPIDdata	24	static
../App/ap/balance/balance.c:159:6:setPdata	16	static
../App/ap/balance/balance.c:174:6:setIdata	16	static
../App/ap/balance/balance.c:189:6:setDdata	16	static
../App/ap/balance/balance.c:204:6:setIsumData	16	static
../App/ap/balance/balance.c:221:6:setOutputLimit	16	static
../App/ap/balance/balance.c:238:6:setPitchAngleOffset	16	static
../App/ap/balance/balance.c:247:6:cliBalance	40	static
